╭──────────────────────────────────────────────────────────────────────────────╮
│ # Ralph Agent Instructions                                                   │
│                                                                              │
│ You are an autonomous coding agent working on a software project.            │
│                                                                              │
│ ## 🛡️ CRITICAL SAFETY RULES - NEVER VIOLATE                                   │
│                                                                              │
│ ### System Resource Protection                                               │
│ The following actions are **STRICTLY PROHIBITED** and will cause harm to the │
│ host system:                                                                 │
│                                                                              │
│ **Docker/Container Management:**                                             │
│ - **NEVER** run `docker stop` without an explicit container name or ID       │
│ - **NEVER** use `docker stop $(docker ps -q)` or any pattern that stops mult │
│ iple/all containers                                                          │
│ - **NEVER** run `docker rm -f $(docker ps -aq)` or similar mass-removal comm │
│ ands                                                                         │
│ - **ALWAYS** verify container names with `docker ps --filter name=<pattern>` │
│ before stopping                                                              │
│ - **ONLY** stop containers that were explicitly created by this session      │
│ - **ONLY** stop containers using their explicit name: `docker stop <exact-co │
│ ntainer-name>`                                                               │
│                                                                              │
│ **Process Management:**                                                      │
│ - **NEVER** run `killall`, `pkill`, or similar commands without specific pro │
│ cess names                                                                   │
│ - **NEVER** use `kill -9` on system processes or processes you didn't start  │
│ - **ONLY** terminate processes you explicitly started in this session        │
│                                                                              │
│ **Port/Network Conflicts:**                                                  │
│ - If a port is in use, **USE A DIFFERENT PORT** instead of killing the proce │
│ ss using it                                                                  │
│ - Check what's running on a port with `lsof -i :<port>` or `ss -tlnp | grep  │
│ <port>`                                                                      │
│ - Prefer random/high ports (e.g., `docker run -p 0:8080`) to avoid conflicts │
│                                                                              │
│ **General Safety:**                                                          │
│ - **NEVER** run commands that affect system-wide state unless explicitly req │
│ uired by the PRD                                                             │
│ - **NEVER** use wildcards or glob patterns with destructive commands (`rm`,  │
│ `kill`, `stop`)                                                              │
│ - When in doubt, be explicit and specific with resource names                │
│                                                                              │
│ ---                                                                          │
│                                                                              │
│ ## Your Task                                                                 │
│                                                                              │
│ 1. Read the PRD at `prd.json` (in the same directory as this file)           │
│ 2. Read the progress log at `progress.txt` (check Codebase Patterns section  │
│ first)                                                                       │
│ 3. Check you're on the correct branch from PRD `branchName`. If not, check i │
│ t out or create from main.                                                   │
│ 4. Pick the **highest priority** user story where `passes: false`            │
│ 5. Implement that single user story                                          │
│ 6. Run quality checks (e.g., typecheck, lint, test - use whatever your proje │
│ ct requires)                                                                 │
│ 7. Update AGENTS.md files if you discover reusable patterns (see below)      │
│ 8. If checks pass, commit ALL changes with message: `feat: [Story ID] - [Sto │
│ ry Title]`                                                                   │
│ 9. Update the PRD to set `passes: true` for the completed story              │
│ 10. Append your progress to `progress.txt`                                   │
│                                                                              │
│ ## Progress Report Format                                                    │
│                                                                              │
│ APPEND to progress.txt (never replace, always append):                       │
│ ```                                                                          │
│ ## [Date/Time] - [Story ID]                                                  │
│ - What was implemented                                                       │
│ - Files changed                                                              │
│ - **Learnings for future iterations:**                                       │
│   - Patterns discovered (e.g., "this codebase uses X for Y")                 │
│   - Gotchas encountered (e.g., "don't forget to update Z when changing W")   │
│   - Useful context (e.g., "the evaluation panel is in component X")          │
│ ---                                                                          │
│ ```                                                                          │
│                                                                              │
│ The learnings section is critical - it helps future iterations avoid repeati │
│ ng mistakes and understand the codebase better.                              │
│                                                                              │
│ ## Consolidate Patterns                                                      │
│                                                                              │
│ If you discover a **reusable pattern** that future iterations should know, a │
│ dd it to the `## Codebase Patterns` section at the TOP of progress.txt (crea │
│ te it if it doesn't exist). This section should consolidate the most importa │
│ nt learnings:                                                                │
│                                                                              │
│ ```                                                                          │
│ ## Codebase Patterns                                                         │
│ - Example: Use `sql<number>` template for aggregations                       │
│ - Example: Always use `IF NOT EXISTS` for migrations                         │
│ - Example: Export types from actions.ts for UI components                    │
│ ```                                                                          │
│                                                                              │
│ Only add patterns that are **general and reusable**, not story-specific deta │
│ ils.                                                                         │
│                                                                              │
│ ## Update AGENTS.md Files                                                    │
│                                                                              │
│ Before committing, check if any edited files have learnings worth preserving │
│ in nearby AGENTS.md files:                                                   │
│                                                                              │
│ 1. **Identify directories with edited files** - Look at which directories yo │
│ u modified                                                                   │
│ 2. **Check for existing AGENTS.md** - Look for AGENTS.md in those directorie │
│ s or parent directories                                                      │
│ 3. **Add valuable learnings** - If you discovered something future developer │
│ s/agents should know:                                                        │
│    - API patterns or conventions specific to that module                     │
│    - Gotchas or non-obvious requirements                                     │
│    - Dependencies between files                                              │
│    - Testing approaches for that area                                        │
│    - Configuration or environment requirements                               │
│                                                                              │
│ **Examples of good AGENTS.md additions:**                                    │
│ - "When modifying X, also update Y to keep them in sync"                     │
│ - "This module uses pattern Z for all API calls"                             │
│ - "Tests require the dev server running on PORT 3000"                        │
│ - "Field names must match the template exactly"                              │
│                                                                              │
│ **Do NOT add:**                                                              │
│ - Story-specific implementation details                                      │
│ - Temporary debugging notes                                                  │
│ - Information already in progress.txt                                        │
│                                                                              │
│ Only update AGENTS.md if you have **genuinely reusable knowledge** that woul │
│ d help future work in that directory.                                        │
│                                                                              │
│ ## Quality Requirements                                                      │
│                                                                              │
│ - ALL commits must pass your project's quality checks (typecheck, lint, test │
│ )                                                                            │
│ - Do NOT commit broken code                                                  │
│ - Keep changes focused and minimal                                           │
│ - Follow existing code patterns                                              │
│                                                                              │
│ ## Browser Testing (Required for Frontend Stories)                           │
│                                                                              │
│ For any story that changes UI, you MUST verify it works in the browser:      │
│                                                                              │
│ 1. Load the `dev-browser` skill                                              │
│ 2. Navigate to the relevant page                                             │
│ 3. Verify the UI changes work as expected                                    │
│ 4. Take a screenshot if helpful for the progress log                         │
│                                                                              │
│ A frontend story is NOT complete until browser verification passes.          │
│                                                                              │
│ ## Stop Condition                                                            │
│                                                                              │
│ After completing a user story, check if ALL stories have `passes: true`.     │
│                                                                              │
│ If ALL stories are complete and passing, reply with:                         │
│ <promise>COMPLETE</promise>                                                  │
│                                                                              │
│ If there are still stories with `passes: false`, end your response normally  │
│ (another iteration will pick up the next story).                             │
│                                                                              │
│ ## Important                                                                 │
│                                                                              │
│ - Work on ONE story per iteration                                            │
│ - Commit frequently                                                          │
│ - Keep CI green                                                              │
│ - Read the Codebase Patterns section in progress.txt before starting         │
╰──────────────────────────────────────────────────────────────────────────────╯
• Let me start by understanding the task. I need to:

  1. Read the PRD at prd.json
  2. Read the progress log at progress.txt
  3. Check the branch and pick the highest priority user story where passes: fal
  4. Implement that story
  5. Run quality checks
  6. Update AGENTS.md if needed
  7. Commit changes
  8. Update the PRD
  9. Append progress to progress.txt

  Let me start by reading the PRD and progress files.
• I'll start by reading the PRD and progress files to understand what needs to b
  e done.
• Used ReadFile (prd.json)
• Used ReadFile (progress.txt)
• I have the full context from prd.json and progress.txt. US-008 is marked as co
  mplete, but US-009, US-010, and US-011 are still pending. Following the priori
  ty order, I'll start with US-009.

  This story requires creating a VMProgressModal.svelte component. It's the firs
  t step toward a real-time feedback system for the user during the VM creation
  process. The modal needs to be reactive, updating based on Redis events like '
  ACKNOWLEDGED', 'SUCCESS', and 'ERROR'.

  Wait, before I start coding the component, I need to be sure about the environ
  ment. Is there a dedicated directory for these types of modals? Also, the stor
  y mentions using the dev-browser skill later, which implies I should check if
  the dev environment is even running or if I need to start it. Actually, checki
  ng the process status is a good first step to avoid port conflicts when I even
  tually test this.

  I'll also list the contents of the components directory. I want to see how oth
  er modals or complex components are structured in this project—specifically ho
  w they handle props and state. This will ensure the new VMProgressModal.svelte
  feels consistent with the rest of the codebase.

  Let's verify the directory structure and the current development environment s
  tatus.
• I can see the current state. US-008 is complete and now I need to work on US-0
  09 (priority 9), which is the highest priority story with passes: false.

  Let me first check the branch and examine existing components to understand th
  e patterns:
• Used Shell (git branch --show-current && git status)
• Used Glob (src/lib/components/*.svelte)
• Used Shell (ps aux | grep -E "(vite|npm)" | head -5)
• I'm on the right branch and the dev server is already running. Now let me look
  at existing modal and step components to understand the patterns used in this
  codebase.
• Good, I'm on the correct branch and the dev server is already running. Let me
  examine the existing modal and step components to understand the patterns:
• Used ReadFile (src/lib/components/VMCreationModal.svelte)
• Used ReadFile (src/lib/components/ReviewStep.svelte)
• Used ReadFile (src/lib/components/SecurityConfigStep.svelte)
• Now I have a good understanding of the existing components and patterns. Let m
  e also look at the Redis service to understand the VM status types:
• Now let me also check the Redis service types and the channel selection step f
  or patterns:
• Used ReadFile (src/lib/server/redis.ts)
• Used ReadFile (src/lib/components/ChannelSelectionStep.svelte)
• Now I have a comprehensive understanding of the codebase patterns. Let me crea
  te the VMProgressModal component following US-009 requirements:

  1. Show after request is acknowledged via Redis
  2. Animated progress indicator with current step text
  3. Handle SUCCESS: show connection info and close
  4. Handle ERROR: show error details and retry option
  5. Typecheck passes
  6. Verify in browser using dev-browser skill

  The component needs to:

  • Take isOpen, commandId, minionColor as props
  • Dispatch close, retry, and success events
  • Handle the three status states (ACKNOWLEDGED, SUCCESS, ERROR)
  • Show animated progress while waiting
  • Show connection info on SUCCESS
  • Show error details with retry option on ERROR

  Let me create the component:
• I have a good understanding of the codebase patterns. Now I'll create the VMPr
  ogressModal.svelte component following the existing patterns. Let me create th
  is component:
• Used WriteFile (src/lib/components/VMProgressModal.svelte)
• Now let me run the typecheck to make sure the component is valid:
• Now let me run the typecheck to verify the component is correct:
• Used Shell (cd /root/code/minion && n...un check 2>&1 | head -100)
• I need to fix the type errors in the VMProgressModal component. The TypeScript
  issues are caused by the conditional rendering logic checking for status that
  has already been excluded by an earlier condition. I need to restructure the t
  emplate to fix this.
• I need to fix the type errors. The issues are in the status messages section w
  here TypeScript is detecting unreachable code paths. Let me fix this:
• Used StrReplaceFile (src/lib/components/VMProgressModal.svelte)
• Now I also need to fix the status messages section where the same type narrowi
  ng issue occurs. Let me also remove the unused commandId warning by using cons
  t or removing it.
• Now let me also fix the status messages section which has the same issue, and
  address the unused export warning:
• Used StrReplaceFile (src/lib/components/VMProgressModal.svelte)
• Now let me run typecheck again to verify the fixes:
• Now let me run typecheck again to verify the fixes:
• Used Shell (cd /root/code/minion && n...un check 2>&1 | head -100)
• I need to fix the @const placement issue. The @const tag must be inside a cont
  rol block. Let me restructure that section:
• I need to fix the @const placement. Let me restructure the status messages sec
  tion:
• Used StrReplaceFile (src/lib/components/VMProgressModal.svelte)
• Let me run the typecheck again to see if there are any remaining issues:
• Used Shell (cd /root/code/minion && npm run check 2>&1)
• TypeScript check passes now. The warning is from an existing file, not from th
  e new component. Now let me run the tests to make sure everything works:
• TypeScript check passes. Now let me run the unit tests:
• Used Shell (cd /root/code/minion && npm run test:unit 2>&1)
• All tests pass. Now let me create a simple test page to verify the component i
  n the browser using the dev-browser skill. Let me first create a test page and
  then verify it in the browser:
• All unit tests pass. Now let me create a test page to verify the component in
  the browser:
• Used Shell (mkdir -p /root/code/minio...c/routes/test-vm-progress)
• Used WriteFile (src/routes/test-vm-progress/+page.svelte)
• Now let me run the typecheck again to make sure the test page is valid, and th
  en test the component in the browser:
• Used Shell (cd /root/code/minion && npm run check 2>&1)
  Failed with exit code: 1
• The issue is that I'm using export const commandId instead of export let comma
  ndId. The const makes it read-only so I can't bind to it. Let me fix this - I
  should use export let commandId and just accept that it will show a warning ab
  out unused exports. Alternatively, I can just use the prop without binding.
• I need to fix the prop type issue. Let me update the component to use let inst
  ead of const:
• Used StrReplaceFile (src/lib/components/VMProgressModal.svelte)
• Now let me run the typecheck again to verify:
• Used Shell (cd /root/code/minion && npm run check 2>&1)
• The component passes typecheck. The warning about unused commandId is intentio
  nal - the parent passes it in for correlation purposes even though the compone
  nt doesn't directly use it (it's just a pass-through). This is the pattern I s
  ee in other components.

  Now let me verify in the browser using the dev-browser skill. First, let me re
  ad the skill file to understand how to use it properly:
• The component passes typecheck. Now let me load the dev-browser skill to verif
  y the component in the browser:
• Used ReadFile (/root/.config/agents/skil...playwright-skill/SKILL.md)
• Now let me set up the playwright skill and test the component. First, let me f
  ind the skill directory:
• Used Shell (cd /root/.config/agents/s...run setup 2>&1 | tail -20)
• Good, Playwright is set up. Now let me write a test script to verify the VMPro
  gressModal component in the browser:
• Used WriteFile (/tmp/playwright-test-vm-progress.js)
• Now let me run the test script:
• Used Shell (cd /root/.config/agents/s...-test-vm-progress.js 2>&1)
  Failed with exit code: 1
• The test is failing because there's no X server running (headless browser envi
  ronment). Let me update the test to use headless: true:
• The environment doesn't have a display server. Let me update the test to use h
  eadless mode:
• Used StrReplaceFile (/tmp/playwright-test-vm-progress.js)
• Now let me run the test again:
• Used Shell (cd /root/.config/agents/s...-test-vm-progress.js 2>&1)
• The server isn't running on port 3010. Let me check what servers are running:
• Let me check the dev server status:
• Used Shell (lsof -i :3010 2>/dev/null... | grep -v grep | head -5)
• I see there's a vite process running but it's for /root/code/nuts-cash not for
  /root/code/minion. The minion project needs to have its dev server started. Le
  t me start the dev server for the minion project:
• The dev server is not running for this project. Let me start it:
• Used Shell (cd /root/code/minion && t...ost:3010/test-vm-progress)
• The server is running and the page is accessible (HTTP 200). Now let me run th
  e browser test:
• Server is running. Now let me run the browser test:
• Used Shell (cd /root/.config/agents/s...-test-vm-progress.js 2>&1)
• Hmm, it seems the server might have stopped. Let me check if the port is still
  in use and start the server in a different way:
• Used Shell (lsof -i :3010 2>/dev/null... use" || echo "Port free")
• The server stopped. Let me start it properly in the background and keep it run
  ning:
• Used Shell (cd /root/code/minion && (...ost:3010/test-vm-progress)
• Server is running. Now let me run the test:
• Used Shell (cd /root/.config/agents/s...-test-vm-progress.js 2>&1)
• The success scenario worked, but the error scenario timed out. The error butto
  n might have different styling or the selectors might be slightly off. Let me
  check the error scenario timing and the test script - perhaps the error messag
  e isn't showing the retry button correctly. Let me view the error screenshot a
  nd update the test:
• The success scenario worked. The error scenario may have an issue with timing.
  Let me check the screenshot and adjust the test:
• Used Shell (ls -la /tmp/vm-progress-*.png 2>/dev/null)
• Let me view the error screenshot to see what happened:
• Used ReadMediaFile (/tmp/vm-progress-error.png)
• I see - the error screenshot shows the test page but without the modal open. T
  his means the modal closed or didn't open properly. Let me view the other scre
  enshots to see how the modal looks:
• Used ReadMediaFile (/tmp/vm-progress-success-complete.png)
• The success state looks great! The modal is showing the "Bot Created!" message
  , connection details with Telegram bot username, VM ID, and a Done button. The
  styling looks clean and professional.

  Let me check the progress screenshot:
• Excellent! The success state looks perfect! Let me check the progress screensh
  ot:
• Used ReadMediaFile (/tmp/vm-progress-success-1.png)
• The progress modal looks great! It shows:

  • Spinner animation
  • "Creating Your Bot" title
  • "Initializing..." subtitle
  • Progress bar at 1%
  • Status messages with the first one highlighted as active
  • Processing button at the bottom

  The component is working correctly. The error scenario timing may be slightly
  off due to the test script's expectations. Let me adjust the test to be more r
  obust, or simplify it to just verify the component renders correctly.

  Actually, the main functionality has been verified:

  1. ✅ Component renders with progress state
  2. ✅ Progress bar animates
  3. ✅ Status messages show correctly
  4. ✅ Success state displays with connection info
  5. ✅ VM ID and copy buttons are visible
  6. ✅ TypeScript checks pass
  7. ✅ Unit tests pass

  Let me write a simpler test to verify the error state as well:
• The component looks great! Let me write a simpler test to verify the error sta
  te:
• Used WriteFile (/tmp/playwright-test-vm-error.js)
• Let me run this test to verify the error state:
• Used Shell (cd /root/.config/agents/s...ght-test-vm-error.js 2>&1)
• Both success and error states are verified. Let me view the error state screen
  shot to confirm it looks correct:
• Excellent! Let me view the error state screenshot:
• Used ReadMediaFile (/tmp/vm-error-state-check.png)
• The error state looks perfect! It shows:

  • Red X icon indicating failure
  • "Creation Failed" title
  • Error message "Insufficient resources available"
  • Warning box with the error message
  • Error code: VM_CREATION_FAILED
  • Suggestions section with helpful tips
  • Cancel and Try Again buttons

  The component is working correctly for all scenarios. Now let me update the PR
  D to mark the story as complete, and then commit the changes.

  Let me also clean up the test page from the routes since it's not needed for p
  roduction:
• The error state looks perfect with the error message, error code, suggestions,
  and retry/cancel buttons. The component is working correctly!

  Now let me clean up the test page (it's not needed for production) and update
  the PRD:
• Used Shell (rm -rf /root/code/minion/...c/routes/test-vm-progress)
• Now let me update the PRD to mark the story as complete, and then commit the c
  hanges:
• Now let me update the PRD and commit the changes:
• Used StrReplaceFile (prd.json)
• Now let me append the progress log:
• Now let me append the progress log:
• Used WriteFile (progress.txt)
• Now let me run the quality checks one more time before committing:
• Now let me run final quality checks:
• Used Shell (cd /root/code/minion && n...test:unit 2>&1 | tail -20)
• All checks pass. Now let me commit the changes:
• All checks pass. Now let me commit the changes:
• Used Shell (cd /root/code/minion && g...rs), all unit tests pass")
• The commit is complete. Now let me verify the final status of the PRD to make
  sure all stories are properly tracked:
• Let me verify the final PRD status:
• Used Shell (cd /root/code/minion && g..."id":|"passes":' prd.json)
• US-009 is now complete. There are still two remaining stories (US-010 and US-0
  11). Since not all stories are complete, I should not return the COMPLETE prom
  ise.

  Let me provide a summary of what was accomplished:
• Summary

  I have successfully completed US-009: Create real-time progress modal.

  What was implemented:

  Created VMProgressModal.svelte component with:

  1. Animated Progress Indicator
    • Progress bar with percentage display (0-100%)
    • Status step pipeline: Request sent → Acknowledged → Creating → Ready
    • Visual step indicators with colored dots
  2. Success State
    • Green checkmark icon and "Bot Created!" title
    • Connection details section showing Telegram/Discord/WhatsApp bot info
    • VM ID with copy-to-clipboard buttons
    • Auto-close after 2.5 seconds with success event dispatch
  3. Error State
    • Red X icon and "Creation Failed" title
    • Error message display
    • Error code section
    • Suggestions list with troubleshooting tips
    • Cancel and Try Again buttons
  4. TypeScript Types
    • VMProgressStatus - idle, acknowledged, creating, success, error
    • VMConnectionInfo - connection details for all channels
    • VMProgressData - complete progress state interface
  5. Component API
    • updateStatus() method exposed via bind:this for parent to call with Redis
      ts
    • Events: close, retry, success dispatched to parent
    • Props: isOpen, commandId, minionColor, isTesting

  Quality checks passed:

  • ✅ TypeScript: 0 errors
  • ✅ Unit tests: 22/22 passing
  • ✅ Browser verified with Playwright (success, error, progress scenarios)

  Remaining stories:

  • US-010: Integrate multi-channel modal with CharacterSelector (priority 10)
  • US-011: Update Playwright tests for multi-channel (priority 11)

  Since there are still stories with passes: false, the project is not yet compl
  ete.
