╭──────────────────────────────────────────────────────────────────────────────╮
│ # Ralph Agent Instructions                                                   │
│                                                                              │
│ You are an autonomous coding agent working on a software project.            │
│                                                                              │
│ ## 🛡️ CRITICAL SAFETY RULES - NEVER VIOLATE                                   │
│                                                                              │
│ ### System Resource Protection                                               │
│ The following actions are **STRICTLY PROHIBITED** and will cause harm to the │
│ host system:                                                                 │
│                                                                              │
│ **Docker/Container Management:**                                             │
│ - **NEVER** run `docker stop` without an explicit container name or ID       │
│ - **NEVER** use `docker stop $(docker ps -q)` or any pattern that stops mult │
│ iple/all containers                                                          │
│ - **NEVER** run `docker rm -f $(docker ps -aq)` or similar mass-removal comm │
│ ands                                                                         │
│ - **ALWAYS** verify container names with `docker ps --filter name=<pattern>` │
│ before stopping                                                              │
│ - **ONLY** stop containers that were explicitly created by this session      │
│ - **ONLY** stop containers using their explicit name: `docker stop <exact-co │
│ ntainer-name>`                                                               │
│                                                                              │
│ **Process Management:**                                                      │
│ - **NEVER** run `killall`, `pkill`, or similar commands without specific pro │
│ cess names                                                                   │
│ - **NEVER** use `kill -9` on system processes or processes you didn't start  │
│ - **ONLY** terminate processes you explicitly started in this session        │
│                                                                              │
│ **Port/Network Conflicts:**                                                  │
│ - If a port is in use, **USE A DIFFERENT PORT** instead of killing the proce │
│ ss using it                                                                  │
│ - Check what's running on a port with `lsof -i :<port>` or `ss -tlnp | grep  │
│ <port>`                                                                      │
│ - Prefer random/high ports (e.g., `docker run -p 0:8080`) to avoid conflicts │
│                                                                              │
│ **General Safety:**                                                          │
│ - **NEVER** run commands that affect system-wide state unless explicitly req │
│ uired by the PRD                                                             │
│ - **NEVER** use wildcards or glob patterns with destructive commands (`rm`,  │
│ `kill`, `stop`)                                                              │
│ - When in doubt, be explicit and specific with resource names                │
│                                                                              │
│ ---                                                                          │
│                                                                              │
│ ## Your Task                                                                 │
│                                                                              │
│ 1. Read the PRD at `prd.json` (in the same directory as this file)           │
│ 2. Read the progress log at `progress.txt` (check Codebase Patterns section  │
│ first)                                                                       │
│ 3. Check you're on the correct branch from PRD `branchName`. If not, check i │
│ t out or create from main.                                                   │
│ 4. Pick the **highest priority** user story where `passes: false`            │
│ 5. Implement that single user story                                          │
│ 6. Run quality checks (e.g., typecheck, lint, test - use whatever your proje │
│ ct requires)                                                                 │
│ 7. Update AGENTS.md files if you discover reusable patterns (see below)      │
│ 8. If checks pass, commit ALL changes with message: `feat: [Story ID] - [Sto │
│ ry Title]`                                                                   │
│ 9. Update the PRD to set `passes: true` for the completed story              │
│ 10. Append your progress to `progress.txt`                                   │
│                                                                              │
│ ## Progress Report Format                                                    │
│                                                                              │
│ APPEND to progress.txt (never replace, always append):                       │
│ ```                                                                          │
│ ## [Date/Time] - [Story ID]                                                  │
│ - What was implemented                                                       │
│ - Files changed                                                              │
│ - **Learnings for future iterations:**                                       │
│   - Patterns discovered (e.g., "this codebase uses X for Y")                 │
│   - Gotchas encountered (e.g., "don't forget to update Z when changing W")   │
│   - Useful context (e.g., "the evaluation panel is in component X")          │
│ ---                                                                          │
│ ```                                                                          │
│                                                                              │
│ The learnings section is critical - it helps future iterations avoid repeati │
│ ng mistakes and understand the codebase better.                              │
│                                                                              │
│ ## Consolidate Patterns                                                      │
│                                                                              │
│ If you discover a **reusable pattern** that future iterations should know, a │
│ dd it to the `## Codebase Patterns` section at the TOP of progress.txt (crea │
│ te it if it doesn't exist). This section should consolidate the most importa │
│ nt learnings:                                                                │
│                                                                              │
│ ```                                                                          │
│ ## Codebase Patterns                                                         │
│ - Example: Use `sql<number>` template for aggregations                       │
│ - Example: Always use `IF NOT EXISTS` for migrations                         │
│ - Example: Export types from actions.ts for UI components                    │
│ ```                                                                          │
│                                                                              │
│ Only add patterns that are **general and reusable**, not story-specific deta │
│ ils.                                                                         │
│                                                                              │
│ ## Update AGENTS.md Files                                                    │
│                                                                              │
│ Before committing, check if any edited files have learnings worth preserving │
│ in nearby AGENTS.md files:                                                   │
│                                                                              │
│ 1. **Identify directories with edited files** - Look at which directories yo │
│ u modified                                                                   │
│ 2. **Check for existing AGENTS.md** - Look for AGENTS.md in those directorie │
│ s or parent directories                                                      │
│ 3. **Add valuable learnings** - If you discovered something future developer │
│ s/agents should know:                                                        │
│    - API patterns or conventions specific to that module                     │
│    - Gotchas or non-obvious requirements                                     │
│    - Dependencies between files                                              │
│    - Testing approaches for that area                                        │
│    - Configuration or environment requirements                               │
│                                                                              │
│ **Examples of good AGENTS.md additions:**                                    │
│ - "When modifying X, also update Y to keep them in sync"                     │
│ - "This module uses pattern Z for all API calls"                             │
│ - "Tests require the dev server running on PORT 3000"                        │
│ - "Field names must match the template exactly"                              │
│                                                                              │
│ **Do NOT add:**                                                              │
│ - Story-specific implementation details                                      │
│ - Temporary debugging notes                                                  │
│ - Information already in progress.txt                                        │
│                                                                              │
│ Only update AGENTS.md if you have **genuinely reusable knowledge** that woul │
│ d help future work in that directory.                                        │
│                                                                              │
│ ## Quality Requirements                                                      │
│                                                                              │
│ - ALL commits must pass your project's quality checks (typecheck, lint, test │
│ )                                                                            │
│ - Do NOT commit broken code                                                  │
│ - Keep changes focused and minimal                                           │
│ - Follow existing code patterns                                              │
│                                                                              │
│ ## Browser Testing (Required for Frontend Stories)                           │
│                                                                              │
│ For any story that changes UI, you MUST verify it works in the browser:      │
│                                                                              │
│ 1. Load the `dev-browser` skill                                              │
│ 2. Navigate to the relevant page                                             │
│ 3. Verify the UI changes work as expected                                    │
│ 4. Take a screenshot if helpful for the progress log                         │
│                                                                              │
│ A frontend story is NOT complete until browser verification passes.          │
│                                                                              │
│ ## Stop Condition                                                            │
│                                                                              │
│ After completing a user story, check if ALL stories have `passes: true`.     │
│                                                                              │
│ If ALL stories are complete and passing, reply with:                         │
│ <promise>COMPLETE</promise>                                                  │
│                                                                              │
│ If there are still stories with `passes: false`, end your response normally  │
│ (another iteration will pick up the next story).                             │
│                                                                              │
│ ## Important                                                                 │
│                                                                              │
│ - Work on ONE story per iteration                                            │
│ - Commit frequently                                                          │
│ - Keep CI green                                                              │
│ - Read the Codebase Patterns section in progress.txt before starting         │
╰──────────────────────────────────────────────────────────────────────────────╯
• Let me start by reading the PRD file and progress log to understand what needs
  to be done.
• Used ReadFile (prd.json)
• Used ReadFile (progress.txt)
• I have reviewed the PRD and the current project state. The highest priority ta
  sk that is not yet completed is US-007, which involves creating the POST /api/
  bots/[id]/stop endpoint. This is the logical next step in the development cycl
  e.

  Wait, I should verify the existing code structure before I begin. I need to se
  e how the bot service handles state changes and what the dynamic route convent
  ions are in this specific SvelteKit project. The src/routes/api/bots/[id]/+ser
  ver.ts file will be particularly important as it likely defines the pattern fo
  r bot-specific operations I'll need to follow. I also need to check src/lib/se
  rver/bot-service.ts to see if there are pre-existing functions for VM communic
  ation or if I need to implement the stop logic from scratch.

  Actually, checking these files now will prevent inconsistencies in error handl
  ing and response formatting. I will read the current implementation of the bot
  ID route and the bot service library to ensure my new endpoint integrates seam
  lessly with the rest of the API.
• I'll work on US-007: Add POST /api/bots/[id]/stop endpoint. Let me first check
  the existing code patterns.
• Used ReadFile (src/routes/api/bots/[id]/+server.ts)
• Used ReadFile (src/lib/server/bot-service.ts)
• I have a clear view of the existing architecture now. The bot service provides
  the necessary primitives: getBot for retrieval, sendCommand for the VM instruc
  tion, and updateBotStatus for persistence. US-007 requires wrapping these into
  a dedicated POST /api/bots/[id]/stop endpoint.

  Wait, I should double-check the project structure. Looking at the file tree, t
  he API routes are nested under src/routes/api/bots/[id]. To maintain consisten
  cy, the stop functionality shouldn't be a query parameter or a generic action
  handler in the base [id] file; it should be its own sub-route.

  Actually, if I look at how SvelteKit handles these paths, creating a directory
  named stop with a +server.ts file inside is the standard way to handle the /ap
  i/bots/[id]/stop path. This keeps the logic modular and aligned with the frame
  work's routing conventions.

  Before I can define the POST handler, I need to ensure the directory structure
  exists. I'll start by creating the stop folder and then move on to implementin
  g the logic for the new endpoint, ensuring it handles the 404 case for missing
  bots and correctly invokes the service methods. I'll set up the directory now.
• Now I have a clear understanding of the patterns. I'll create the POST /api/bo
  ts/[id]/stop endpoint.
• Used Shell (mkdir -p /root/code/minio...routes/api/bots/[id]/stop)
• Now I'll create the +server.ts file for the stop endpoint.
• Used WriteFile (src/routes/api/bots/[id]/stop/+server.ts)
• Now I need to run the typecheck to ensure everything is correct.
• Now let me run the typecheck to verify everything is correct:
• Used Shell (cd /root/code/minion && npm run check 2>&1)
  Failed with exit code: 1
• I have a type error. The config parameter in the BotCommand interface expects
  BotConfig, but I'm passing Record<string, unknown>. Let me fix this by using t
  he proper type.

  I need to import the BotConfig type from bot-service and use it correctly.
• I need to fix the type error. Let me update the file to use the correct type:
• Used StrReplaceFile (src/routes/api/bots/[id]/stop/+server.ts)
• Now I need to fix the type of config when parsing from JSON.
• Used StrReplaceFile (src/routes/api/bots/[id]/stop/+server.ts)
• Let me run the typecheck again to ensure everything is correct now.
• Used Shell (cd /root/code/minion && npm run check 2>&1)
• Typecheck passes now. The warnings are pre-existing and not related to my chan
  ges. Now I need to:

  1. Update the PRD to mark US-007 as passing
  2. Append progress to progress.txt
  3. Commit the changes

  Let me do these steps.
• Typecheck passes. Now let me update the PRD and progress log, then commit:
• Used StrReplaceFile (prd.json)
• Good, now I need to append to progress.txt. Let me get the current date/time f
  or the progress log.
• Used Shell (date '+%Y-%m-%d %H:%M:%S')
• Now let me append to progress.txt.
• Used WriteFile (progress.txt)
• Now let me commit the changes with the proper message.
