╭──────────────────────────────────────────────────────────────────────────────╮
│ # Ralph Agent Instructions                                                   │
│                                                                              │
│ You are an autonomous coding agent working on a software project.            │
│                                                                              │
│ ## 🛡️ CRITICAL SAFETY RULES - NEVER VIOLATE                                   │
│                                                                              │
│ ### System Resource Protection                                               │
│ The following actions are **STRICTLY PROHIBITED** and will cause harm to the │
│ host system:                                                                 │
│                                                                              │
│ **Docker/Container Management:**                                             │
│ - **NEVER** run `docker stop` without an explicit container name or ID       │
│ - **NEVER** use `docker stop $(docker ps -q)` or any pattern that stops mult │
│ iple/all containers                                                          │
│ - **NEVER** run `docker rm -f $(docker ps -aq)` or similar mass-removal comm │
│ ands                                                                         │
│ - **ALWAYS** verify container names with `docker ps --filter name=<pattern>` │
│ before stopping                                                              │
│ - **ONLY** stop containers that were explicitly created by this session      │
│ - **ONLY** stop containers using their explicit name: `docker stop <exact-co │
│ ntainer-name>`                                                               │
│                                                                              │
│ **Process Management:**                                                      │
│ - **NEVER** run `killall`, `pkill`, or similar commands without specific pro │
│ cess names                                                                   │
│ - **NEVER** use `kill -9` on system processes or processes you didn't start  │
│ - **ONLY** terminate processes you explicitly started in this session        │
│                                                                              │
│ **Port/Network Conflicts:**                                                  │
│ - If a port is in use, **USE A DIFFERENT PORT** instead of killing the proce │
│ ss using it                                                                  │
│ - Check what's running on a port with `lsof -i :<port>` or `ss -tlnp | grep  │
│ <port>`                                                                      │
│ - Prefer random/high ports (e.g., `docker run -p 0:8080`) to avoid conflicts │
│                                                                              │
│ **General Safety:**                                                          │
│ - **NEVER** run commands that affect system-wide state unless explicitly req │
│ uired by the PRD                                                             │
│ - **NEVER** use wildcards or glob patterns with destructive commands (`rm`,  │
│ `kill`, `stop`)                                                              │
│ - When in doubt, be explicit and specific with resource names                │
│                                                                              │
│ ---                                                                          │
│                                                                              │
│ ## Your Task                                                                 │
│                                                                              │
│ 1. Read the PRD at `prd.json` (in the same directory as this file)           │
│ 2. Read the progress log at `progress.txt` (check Codebase Patterns section  │
│ first)                                                                       │
│ 3. Check you're on the correct branch from PRD `branchName`. If not, check i │
│ t out or create from main.                                                   │
│ 4. Pick the **highest priority** user story where `passes: false`            │
│ 5. Implement that single user story                                          │
│ 6. Run quality checks (e.g., typecheck, lint, test - use whatever your proje │
│ ct requires)                                                                 │
│ 7. Update AGENTS.md files if you discover reusable patterns (see below)      │
│ 8. If checks pass, commit ALL changes with message: `feat: [Story ID] - [Sto │
│ ry Title]`                                                                   │
│ 9. Update the PRD to set `passes: true` for the completed story              │
│ 10. Append your progress to `progress.txt`                                   │
│                                                                              │
│ ## Progress Report Format                                                    │
│                                                                              │
│ APPEND to progress.txt (never replace, always append):                       │
│ ```                                                                          │
│ ## [Date/Time] - [Story ID]                                                  │
│ - What was implemented                                                       │
│ - Files changed                                                              │
│ - **Learnings for future iterations:**                                       │
│   - Patterns discovered (e.g., "this codebase uses X for Y")                 │
│   - Gotchas encountered (e.g., "don't forget to update Z when changing W")   │
│   - Useful context (e.g., "the evaluation panel is in component X")          │
│ ---                                                                          │
│ ```                                                                          │
│                                                                              │
│ The learnings section is critical - it helps future iterations avoid repeati │
│ ng mistakes and understand the codebase better.                              │
│                                                                              │
│ ## Consolidate Patterns                                                      │
│                                                                              │
│ If you discover a **reusable pattern** that future iterations should know, a │
│ dd it to the `## Codebase Patterns` section at the TOP of progress.txt (crea │
│ te it if it doesn't exist). This section should consolidate the most importa │
│ nt learnings:                                                                │
│                                                                              │
│ ```                                                                          │
│ ## Codebase Patterns                                                         │
│ - Example: Use `sql<number>` template for aggregations                       │
│ - Example: Always use `IF NOT EXISTS` for migrations                         │
│ - Example: Export types from actions.ts for UI components                    │
│ ```                                                                          │
│                                                                              │
│ Only add patterns that are **general and reusable**, not story-specific deta │
│ ils.                                                                         │
│                                                                              │
│ ## Update AGENTS.md Files                                                    │
│                                                                              │
│ Before committing, check if any edited files have learnings worth preserving │
│ in nearby AGENTS.md files:                                                   │
│                                                                              │
│ 1. **Identify directories with edited files** - Look at which directories yo │
│ u modified                                                                   │
│ 2. **Check for existing AGENTS.md** - Look for AGENTS.md in those directorie │
│ s or parent directories                                                      │
│ 3. **Add valuable learnings** - If you discovered something future developer │
│ s/agents should know:                                                        │
│    - API patterns or conventions specific to that module                     │
│    - Gotchas or non-obvious requirements                                     │
│    - Dependencies between files                                              │
│    - Testing approaches for that area                                        │
│    - Configuration or environment requirements                               │
│                                                                              │
│ **Examples of good AGENTS.md additions:**                                    │
│ - "When modifying X, also update Y to keep them in sync"                     │
│ - "This module uses pattern Z for all API calls"                             │
│ - "Tests require the dev server running on PORT 3000"                        │
│ - "Field names must match the template exactly"                              │
│                                                                              │
│ **Do NOT add:**                                                              │
│ - Story-specific implementation details                                      │
│ - Temporary debugging notes                                                  │
│ - Information already in progress.txt                                        │
│                                                                              │
│ Only update AGENTS.md if you have **genuinely reusable knowledge** that woul │
│ d help future work in that directory.                                        │
│                                                                              │
│ ## Quality Requirements                                                      │
│                                                                              │
│ - ALL commits must pass your project's quality checks (typecheck, lint, test │
│ )                                                                            │
│ - Do NOT commit broken code                                                  │
│ - Keep changes focused and minimal                                           │
│ - Follow existing code patterns                                              │
│                                                                              │
│ ## Browser Testing (Required for Frontend Stories)                           │
│                                                                              │
│ For any story that changes UI, you MUST verify it works in the browser:      │
│                                                                              │
│ 1. Load the `dev-browser` skill                                              │
│ 2. Navigate to the relevant page                                             │
│ 3. Verify the UI changes work as expected                                    │
│ 4. Take a screenshot if helpful for the progress log                         │
│                                                                              │
│ A frontend story is NOT complete until browser verification passes.          │
│                                                                              │
│ ## Stop Condition                                                            │
│                                                                              │
│ After completing a user story, check if ALL stories have `passes: true`.     │
│                                                                              │
│ If ALL stories are complete and passing, reply with:                         │
│ <promise>COMPLETE</promise>                                                  │
│                                                                              │
│ If there are still stories with `passes: false`, end your response normally  │
│ (another iteration will pick up the next story).                             │
│                                                                              │
│ ## Important                                                                 │
│                                                                              │
│ - Work on ONE story per iteration                                            │
│ - Commit frequently                                                          │
│ - Keep CI green                                                              │
│ - Read the Codebase Patterns section in progress.txt before starting         │
╰──────────────────────────────────────────────────────────────────────────────╯
• I need to start by understanding the project structure and requirements. The u
  ser wants me to work on a software project following specific instructions. Le
  t me begin by reading the PRD file and progress log to understand what needs t
  o be done.
• I'll start by reading the PRD and progress files to understand the project and
  identify the highest priority user story to implement.
• Used ReadFile (prd.json)
• Used ReadFile (progress.txt)
• Hmm, I've got a handle on the project state now. Looking at prd.json, US-001 t
  hrough US-010 are all marked as passing. That means the foundational work—the
  nanoid integration, the scheduler service, and the full suite of bot CRUD endp
  oints—is technically complete.

  But wait, looking at the current status, US-011 and US-012 are still passes: f
  alse. I need to pick the highest priority one. US-011 is priority 11 and US-01
  2 is priority 12. Clearly, US-011 is the next logical step.

  Let me think about what US-011 entails: "Update GET /api/vms endpoint." Curren
  tly, the scheduler service is already fetching healthy VMs, but this story spe
  cifically asks for VM capacity metrics—RAM, CPU, and active bot counts.

  Actually, before I start hacking away at the code, I need to verify the branch
  state. The PRD specifies ralph/bot-orchestration-api. I should check if I'm cu
  rrently on that branch. If I'm not, I'll need to switch over. Also, I need to
  see the current implementation of the VMs endpoint. Is it just a placeholder?
  Does it return raw data? Knowing the existing structure is crucial before I ca
  n refactor it to include the new health and capacity logic mentioned in the ac
  ceptance criteria.

  So, the immediate plan is: check the git branch, then read the existing /src/r
  outes/api/vms/+server.ts to see how the VM list is currently being handled. Th
  is will give me the necessary context to implement the health checks and metri
  c parsing required by US-011.
• I can see from the PRD that US-001 through US-010 are complete (passes: true).
  The highest priority story with passes: false is US-011 (priority 11), followe
  d by US-012 (priority 12).

  Let me check the current branch and existing VM endpoint structure:
• Used Shell (cd /root/code/minion && git branch --show-current)
• Used ReadFile (src/routes/api/vms/+server.ts)
• Now I understand the current state. The GET handler at the bottom is just a pl
  aceholder. I need to update it to use the scheduler service to get healthy VMs
  with their metrics.

  Let me also check the scheduler service to understand what functions are avail
  able:
• Let me also check the scheduler service to understand the available functions:
• Used ReadFile (src/lib/server/scheduler.ts)
• Hmm, the current GET handler in api/vms is far too basic. It just returns an e
  mpty list, but we need to surface actual VM data. I see that the scheduler mod
  ule in the project already has a getHealthyVms function that returns the neces
  sary metrics: RAM, CPU, and heartbeat status.

  Wait, if I look at the scheduler's definition, it returns objects that include
  is_healthy, but for the API response, we want the raw status and the heartbeat
  timestamp. This allows the frontend to make its own determination about health
  or display the 'last seen' time. Actually, using getHealthyVms is better than
  querying all VMs because it likely already handles the Redis connection and fi
  ltering logic, ensuring we only report on VMs that are currently active in the
  cluster.

  I'll modify the GET handler in /root/code/minion/src/routes/api/vms/+server.ts
  to import the scheduler and return the full list of healthy VMs. This satisfie
  s the US-011 requirement to show VM capacity and status. I'll update the handl
  er now.
• Now I have a clear picture. The scheduler service has getHealthyVms() which re
  turns VMs with all the metrics needed. I need to update the GET handler in /ap
  i/vms/+server.ts to use this function.

  Let me implement US-011:
• Used StrReplaceFile (src/routes/api/vms/+server.ts)
• Now I need to update the GET handler to use getHealthyVms() and return the VMs
  with parsed metrics.
• Used StrReplaceFile (src/routes/api/vms/+server.ts)
• Now let me run the TypeScript check to verify everything is working correctly.
• Now let me run the type check to verify the implementation:
• Used Shell (cd /root/code/minion && npm run check 2>&1)
• Type checking passed - only warnings, no errors. Now let me verify the updated
  file looks correct and then proceed to update the PRD and progress log.
• Type checking passes. Let me verify the updated GET handler looks correct:
• Used ReadFile (src/routes/api/vms/+server.ts)
• The implementation looks good. Now I need to:

  1. Update the PRD to mark US-011 as passing
  2. Append to progress.txt

  Let me do both of those now.
• The implementation is complete. Now let me update the PRD to mark US-011 as pa
  ssing and append to progress.txt:
• Used StrReplaceFile (prd.json)
• Used StrReplaceFile (progress.txt)
• Now let me check if there's an AGENTS.md file that needs updating. Looking at
  the current directory structure, there's an AGENTS.md in the root. Let me chec
  k if the changes I made warrant any updates to it.

  The changes I made:

  1. Updated GET /api/vms endpoint to use scheduler service
  2. Returns VM capacity and health metrics

  This is a specific API endpoint change. Looking at the AGENTS.md, it contains
  general patterns about the project structure, not specific endpoint documentat
  ion. I don't think this requires updating AGENTS.md as it's a straightforward
  implementation of an existing endpoint using existing patterns.

  Now let me commit the changes.
• Now let me commit the changes:
