╭──────────────────────────────────────────────────────────────────────────────╮
│ # Ralph Agent Instructions                                                   │
│                                                                              │
│ You are an autonomous coding agent working on a software project.            │
│                                                                              │
│ ## 🛡️ CRITICAL SAFETY RULES - NEVER VIOLATE                                   │
│                                                                              │
│ ### System Resource Protection                                               │
│ The following actions are **STRICTLY PROHIBITED** and will cause harm to the │
│ host system:                                                                 │
│                                                                              │
│ **Docker/Container Management:**                                             │
│ - **NEVER** run `docker stop` without an explicit container name or ID       │
│ - **NEVER** use `docker stop $(docker ps -q)` or any pattern that stops mult │
│ iple/all containers                                                          │
│ - **NEVER** run `docker rm -f $(docker ps -aq)` or similar mass-removal comm │
│ ands                                                                         │
│ - **ALWAYS** verify container names with `docker ps --filter name=<pattern>` │
│ before stopping                                                              │
│ - **ONLY** stop containers that were explicitly created by this session      │
│ - **ONLY** stop containers using their explicit name: `docker stop <exact-co │
│ ntainer-name>`                                                               │
│                                                                              │
│ **Process Management:**                                                      │
│ - **NEVER** run `killall`, `pkill`, or similar commands without specific pro │
│ cess names                                                                   │
│ - **NEVER** use `kill -9` on system processes or processes you didn't start  │
│ - **ONLY** terminate processes you explicitly started in this session        │
│                                                                              │
│ **Port/Network Conflicts:**                                                  │
│ - If a port is in use, **USE A DIFFERENT PORT** instead of killing the proce │
│ ss using it                                                                  │
│ - Check what's running on a port with `lsof -i :<port>` or `ss -tlnp | grep  │
│ <port>`                                                                      │
│ - Prefer random/high ports (e.g., `docker run -p 0:8080`) to avoid conflicts │
│                                                                              │
│ **General Safety:**                                                          │
│ - **NEVER** run commands that affect system-wide state unless explicitly req │
│ uired by the PRD                                                             │
│ - **NEVER** use wildcards or glob patterns with destructive commands (`rm`,  │
│ `kill`, `stop`)                                                              │
│ - When in doubt, be explicit and specific with resource names                │
│                                                                              │
│ ---                                                                          │
│                                                                              │
│ ## Your Task                                                                 │
│                                                                              │
│ 1. Read the PRD at `prd.json` (in the same directory as this file)           │
│ 2. Read the progress log at `progress.txt` (check Codebase Patterns section  │
│ first)                                                                       │
│ 3. Check you're on the correct branch from PRD `branchName`. If not, check i │
│ t out or create from main.                                                   │
│ 4. Pick the **highest priority** user story where `passes: false`            │
│ 5. Implement that single user story                                          │
│ 6. Run quality checks (e.g., typecheck, lint, test - use whatever your proje │
│ ct requires)                                                                 │
│ 7. Update AGENTS.md files if you discover reusable patterns (see below)      │
│ 8. If checks pass, commit ALL changes with message: `feat: [Story ID] - [Sto │
│ ry Title]`                                                                   │
│ 9. Update the PRD to set `passes: true` for the completed story              │
│ 10. Append your progress to `progress.txt`                                   │
│                                                                              │
│ ## Progress Report Format                                                    │
│                                                                              │
│ APPEND to progress.txt (never replace, always append):                       │
│ ```                                                                          │
│ ## [Date/Time] - [Story ID]                                                  │
│ - What was implemented                                                       │
│ - Files changed                                                              │
│ - **Learnings for future iterations:**                                       │
│   - Patterns discovered (e.g., "this codebase uses X for Y")                 │
│   - Gotchas encountered (e.g., "don't forget to update Z when changing W")   │
│   - Useful context (e.g., "the evaluation panel is in component X")          │
│ ---                                                                          │
│ ```                                                                          │
│                                                                              │
│ The learnings section is critical - it helps future iterations avoid repeati │
│ ng mistakes and understand the codebase better.                              │
│                                                                              │
│ ## Consolidate Patterns                                                      │
│                                                                              │
│ If you discover a **reusable pattern** that future iterations should know, a │
│ dd it to the `## Codebase Patterns` section at the TOP of progress.txt (crea │
│ te it if it doesn't exist). This section should consolidate the most importa │
│ nt learnings:                                                                │
│                                                                              │
│ ```                                                                          │
│ ## Codebase Patterns                                                         │
│ - Example: Use `sql<number>` template for aggregations                       │
│ - Example: Always use `IF NOT EXISTS` for migrations                         │
│ - Example: Export types from actions.ts for UI components                    │
│ ```                                                                          │
│                                                                              │
│ Only add patterns that are **general and reusable**, not story-specific deta │
│ ils.                                                                         │
│                                                                              │
│ ## Update AGENTS.md Files                                                    │
│                                                                              │
│ Before committing, check if any edited files have learnings worth preserving │
│ in nearby AGENTS.md files:                                                   │
│                                                                              │
│ 1. **Identify directories with edited files** - Look at which directories yo │
│ u modified                                                                   │
│ 2. **Check for existing AGENTS.md** - Look for AGENTS.md in those directorie │
│ s or parent directories                                                      │
│ 3. **Add valuable learnings** - If you discovered something future developer │
│ s/agents should know:                                                        │
│    - API patterns or conventions specific to that module                     │
│    - Gotchas or non-obvious requirements                                     │
│    - Dependencies between files                                              │
│    - Testing approaches for that area                                        │
│    - Configuration or environment requirements                               │
│                                                                              │
│ **Examples of good AGENTS.md additions:**                                    │
│ - "When modifying X, also update Y to keep them in sync"                     │
│ - "This module uses pattern Z for all API calls"                             │
│ - "Tests require the dev server running on PORT 3000"                        │
│ - "Field names must match the template exactly"                              │
│                                                                              │
│ **Do NOT add:**                                                              │
│ - Story-specific implementation details                                      │
│ - Temporary debugging notes                                                  │
│ - Information already in progress.txt                                        │
│                                                                              │
│ Only update AGENTS.md if you have **genuinely reusable knowledge** that woul │
│ d help future work in that directory.                                        │
│                                                                              │
│ ## Quality Requirements                                                      │
│                                                                              │
│ - ALL commits must pass your project's quality checks (typecheck, lint, test │
│ )                                                                            │
│ - Do NOT commit broken code                                                  │
│ - Keep changes focused and minimal                                           │
│ - Follow existing code patterns                                              │
│                                                                              │
│ ## Browser Testing (Required for Frontend Stories)                           │
│                                                                              │
│ For any story that changes UI, you MUST verify it works in the browser:      │
│                                                                              │
│ 1. Load the `dev-browser` skill                                              │
│ 2. Navigate to the relevant page                                             │
│ 3. Verify the UI changes work as expected                                    │
│ 4. Take a screenshot if helpful for the progress log                         │
│                                                                              │
│ A frontend story is NOT complete until browser verification passes.          │
│                                                                              │
│ ## Stop Condition                                                            │
│                                                                              │
│ After completing a user story, check if ALL stories have `passes: true`.     │
│                                                                              │
│ If ALL stories are complete and passing, reply with:                         │
│ <promise>COMPLETE</promise>                                                  │
│                                                                              │
│ If there are still stories with `passes: false`, end your response normally  │
│ (another iteration will pick up the next story).                             │
│                                                                              │
│ ## Important                                                                 │
│                                                                              │
│ - Work on ONE story per iteration                                            │
│ - Commit frequently                                                          │
│ - Keep CI green                                                              │
│ - Read the Codebase Patterns section in progress.txt before starting         │
╰──────────────────────────────────────────────────────────────────────────────╯
• Let me start by reading the PRD file and progress log to understand what needs
  to be done.
• Used ReadFile (prd.json)
• Used ReadFile (progress.txt)
• Let me analyze the current state:

  1. US-001 and US-002 are marked as complete.
  2. US-003 is marked as false, which means it's the next task on the list.

  US-003 requires me to create a bot service module at src/lib/server/bot-servic
  e.ts. I need to implement several Redis operations for bot lifecycle managemen
  t.

  Hmm, I should check how the project handles Redis connections and what convent
  ions are already in place. Looking at src/lib/server/redis.ts seems like a log
  ical starting point to ensure my implementation follows the existing patterns.

  Wait, before I dive into the code, I need to make sure I'm working on the corr
  ect branch. The instructions mention ralph/bot-orchestration-api. I'll check t
  he current branch and switch if necessary to keep the environment consistent.

  Actually, let me also quickly list the files in the src/lib/server/ directory.
  This will help me see if there are other existing service modules I should be
  aware of or if there are specific naming conventions beyond the basic PRD requ
  irements.

  I'll start by reading the existing Redis service and checking my git status an
  d branch.
• Let me check the current branch and read the existing Redis service to underst
  and the patterns:
• Used Shell (cd /root/code/minion && git branch --show-current)
• Used ReadFile (src/lib/server/redis.ts)
• Used Glob (src/lib/server/*)
• Let me also read the scheduler.ts file to understand the patterns used there:
• Used ReadFile (src/lib/server/scheduler.ts)
• Used ReadFile (src/routes/api/vms/+server.ts)
• I have a solid understanding of the requirements for US-003. I need to impleme
  nt the core Bot Service logic in src/lib/server/bot-service.ts. This service i
  s the primary interface for bot lifecycle management, utilizing Redis for stat
  e persistence and queue management.

  Key functionalities to implement:

  1. Registration: registerBot(botId, vmId, teamId, profiles, config) will use H
     for bot details and SADD to link the bot to its team.
  2. Retrieval: getBot(botId) via HGETALL and getTeamBots(teamId) using SMEMBERS
     llowed by a pipelined fetch for efficiency.
  3. Status & Deletion: updateBotStatus(botId, status) via HSET and deleteBot(bo
     ) which must handle SREM from the team set and DEL from the bot hash.
  4. Command Queue: sendCommand(vmId, command) will use LPUSH to place commands
     o a VM-specific queue.

  Wait, I need to ensure I'm following the existing architectural patterns for R
  edis interaction. Based on my review of the codebase, I should use a singleton
  Redis client with proper TLS configuration (as seen in the scheduler service)
  to avoid connection leaks and ensure secure communication. I also need to deci
  de on a consistent key structure. Using prefixes like bot: and team: aligns wi
  th the existing vm: convention.

  Before I proceed with the implementation, I must verify that the project is in
  a stable state. I need to ensure that the nanoid dependency required for bot I
  D generation is properly installed and that the existing code passes type-chec
  king. This will prevent environment-related errors from interfering with the d
  evelopment and testing of the new service.

  I will now create the bot-service.ts file with these Redis operations and then
  run the necessary checks to validate the environment.
• Now I have a good understanding of the codebase patterns. Let me create the bo
  t service module (US-003):
• Used WriteFile (src/lib/server/bot-service.ts)
• Now let me run the typecheck to make sure everything is correct:
• Now let me run the typecheck to verify everything is correct:
• Used Shell (cd /root/code/minion && npm run check 2>&1)
• The typecheck passed with 0 errors. The warnings are pre-existing and not rela
  ted to my changes. Now let me update the PRD to mark US-003 as complete and ap
  pend to the progress log:
• Typecheck passes. Now let me update the PRD and progress log:
• Used StrReplaceFile (prd.json)
  No replacements made
• Used StrReplaceFile (prd.json)
• The second replacement worked. Let me verify the PRD was updated correctly and
  then append to the progress log.
• Used Shell (cd /root/code/minion && g...'"id": "US-003"' prd.json)
• Let me also check the passes field:
• Used Shell (cd /root/code/minion && g..."' prd.json | grep passes)
  Failed with exit code: 1
• Let me try a different approach to check the passes field:
• Used Shell (cd /root/code/minion && g...": 3' prd.json | head -20)
• Let me check the passes status more directly:
• Used ReadFile (prd.json)
• US-003 passes is now true. Now let me append to the progress log:
• Now let me append the progress log:
• Used WriteFile (progress.txt)
• Now let me commit the changes:
• Now let me commit the changes:
