╭──────────────────────────────────────────────────────────────────────────────╮
│ # Ralph Agent Instructions                                                   │
│                                                                              │
│ You are an autonomous coding agent working on a software project.            │
│                                                                              │
│ ## 🛡️ CRITICAL SAFETY RULES - NEVER VIOLATE                                   │
│                                                                              │
│ ### System Resource Protection                                               │
│ The following actions are **STRICTLY PROHIBITED** and will cause harm to the │
│ host system:                                                                 │
│                                                                              │
│ **Docker/Container Management:**                                             │
│ - **NEVER** run `docker stop` without an explicit container name or ID       │
│ - **NEVER** use `docker stop $(docker ps -q)` or any pattern that stops mult │
│ iple/all containers                                                          │
│ - **NEVER** run `docker rm -f $(docker ps -aq)` or similar mass-removal comm │
│ ands                                                                         │
│ - **ALWAYS** verify container names with `docker ps --filter name=<pattern>` │
│ before stopping                                                              │
│ - **ONLY** stop containers that were explicitly created by this session      │
│ - **ONLY** stop containers using their explicit name: `docker stop <exact-co │
│ ntainer-name>`                                                               │
│                                                                              │
│ **Process Management:**                                                      │
│ - **NEVER** run `killall`, `pkill`, or similar commands without specific pro │
│ cess names                                                                   │
│ - **NEVER** use `kill -9` on system processes or processes you didn't start  │
│ - **ONLY** terminate processes you explicitly started in this session        │
│                                                                              │
│ **Port/Network Conflicts:**                                                  │
│ - If a port is in use, **USE A DIFFERENT PORT** instead of killing the proce │
│ ss using it                                                                  │
│ - Check what's running on a port with `lsof -i :<port>` or `ss -tlnp | grep  │
│ <port>`                                                                      │
│ - Prefer random/high ports (e.g., `docker run -p 0:8080`) to avoid conflicts │
│                                                                              │
│ **General Safety:**                                                          │
│ - **NEVER** run commands that affect system-wide state unless explicitly req │
│ uired by the PRD                                                             │
│ - **NEVER** use wildcards or glob patterns with destructive commands (`rm`,  │
│ `kill`, `stop`)                                                              │
│ - When in doubt, be explicit and specific with resource names                │
│                                                                              │
│ ---                                                                          │
│                                                                              │
│ ## Your Task                                                                 │
│                                                                              │
│ 1. Read the PRD at `prd.json` (in the same directory as this file)           │
│ 2. Read the progress log at `progress.txt` (check Codebase Patterns section  │
│ first)                                                                       │
│ 3. Check you're on the correct branch from PRD `branchName`. If not, check i │
│ t out or create from main.                                                   │
│ 4. Pick the **highest priority** user story where `passes: false`            │
│ 5. Implement that single user story                                          │
│ 6. Run quality checks (e.g., typecheck, lint, test - use whatever your proje │
│ ct requires)                                                                 │
│ 7. Update AGENTS.md files if you discover reusable patterns (see below)      │
│ 8. If checks pass, commit ALL changes with message: `feat: [Story ID] - [Sto │
│ ry Title]`                                                                   │
│ 9. Update the PRD to set `passes: true` for the completed story              │
│ 10. Append your progress to `progress.txt`                                   │
│                                                                              │
│ ## Progress Report Format                                                    │
│                                                                              │
│ APPEND to progress.txt (never replace, always append):                       │
│ ```                                                                          │
│ ## [Date/Time] - [Story ID]                                                  │
│ - What was implemented                                                       │
│ - Files changed                                                              │
│ - **Learnings for future iterations:**                                       │
│   - Patterns discovered (e.g., "this codebase uses X for Y")                 │
│   - Gotchas encountered (e.g., "don't forget to update Z when changing W")   │
│   - Useful context (e.g., "the evaluation panel is in component X")          │
│ ---                                                                          │
│ ```                                                                          │
│                                                                              │
│ The learnings section is critical - it helps future iterations avoid repeati │
│ ng mistakes and understand the codebase better.                              │
│                                                                              │
│ ## Consolidate Patterns                                                      │
│                                                                              │
│ If you discover a **reusable pattern** that future iterations should know, a │
│ dd it to the `## Codebase Patterns` section at the TOP of progress.txt (crea │
│ te it if it doesn't exist). This section should consolidate the most importa │
│ nt learnings:                                                                │
│                                                                              │
│ ```                                                                          │
│ ## Codebase Patterns                                                         │
│ - Example: Use `sql<number>` template for aggregations                       │
│ - Example: Always use `IF NOT EXISTS` for migrations                         │
│ - Example: Export types from actions.ts for UI components                    │
│ ```                                                                          │
│                                                                              │
│ Only add patterns that are **general and reusable**, not story-specific deta │
│ ils.                                                                         │
│                                                                              │
│ ## Update AGENTS.md Files                                                    │
│                                                                              │
│ Before committing, check if any edited files have learnings worth preserving │
│ in nearby AGENTS.md files:                                                   │
│                                                                              │
│ 1. **Identify directories with edited files** - Look at which directories yo │
│ u modified                                                                   │
│ 2. **Check for existing AGENTS.md** - Look for AGENTS.md in those directorie │
│ s or parent directories                                                      │
│ 3. **Add valuable learnings** - If you discovered something future developer │
│ s/agents should know:                                                        │
│    - API patterns or conventions specific to that module                     │
│    - Gotchas or non-obvious requirements                                     │
│    - Dependencies between files                                              │
│    - Testing approaches for that area                                        │
│    - Configuration or environment requirements                               │
│                                                                              │
│ **Examples of good AGENTS.md additions:**                                    │
│ - "When modifying X, also update Y to keep them in sync"                     │
│ - "This module uses pattern Z for all API calls"                             │
│ - "Tests require the dev server running on PORT 3000"                        │
│ - "Field names must match the template exactly"                              │
│                                                                              │
│ **Do NOT add:**                                                              │
│ - Story-specific implementation details                                      │
│ - Temporary debugging notes                                                  │
│ - Information already in progress.txt                                        │
│                                                                              │
│ Only update AGENTS.md if you have **genuinely reusable knowledge** that woul │
│ d help future work in that directory.                                        │
│                                                                              │
│ ## Quality Requirements                                                      │
│                                                                              │
│ - ALL commits must pass your project's quality checks (typecheck, lint, test │
│ )                                                                            │
│ - Do NOT commit broken code                                                  │
│ - Keep changes focused and minimal                                           │
│ - Follow existing code patterns                                              │
│                                                                              │
│ ## Browser Testing (Required for Frontend Stories)                           │
│                                                                              │
│ For any story that changes UI, you MUST verify it works in the browser:      │
│                                                                              │
│ 1. Load the `dev-browser` skill                                              │
│ 2. Navigate to the relevant page                                             │
│ 3. Verify the UI changes work as expected                                    │
│ 4. Take a screenshot if helpful for the progress log                         │
│                                                                              │
│ A frontend story is NOT complete until browser verification passes.          │
│                                                                              │
│ ## Stop Condition                                                            │
│                                                                              │
│ After completing a user story, check if ALL stories have `passes: true`.     │
│                                                                              │
│ If ALL stories are complete and passing, reply with:                         │
│ <promise>COMPLETE</promise>                                                  │
│                                                                              │
│ If there are still stories with `passes: false`, end your response normally  │
│ (another iteration will pick up the next story).                             │
│                                                                              │
│ ## Important                                                                 │
│                                                                              │
│ - Work on ONE story per iteration                                            │
│ - Commit frequently                                                          │
│ - Keep CI green                                                              │
│ - Read the Codebase Patterns section in progress.txt before starting         │
╰──────────────────────────────────────────────────────────────────────────────╯
• Let me start by reading the PRD file and the progress log to understand what n
  eeds to be done.
• Used ReadFile (prd.json)
• Used ReadFile (progress.txt)
• Alright, I have a clear view of the current project state. I've finished the m
  ulti-channel VM creation API as per US-001, and the logs confirm US-002 is the
  next priority. It requires setting up a VMStatusSubscriber class in src/lib/se
  rver/redis.ts to handle real-time updates from the 'clawd:responses' channel.

  Hmm... but before I start architecting the subscriber logic, I need to underst
  and the existing environment. Is there a current Redis client configuration I
  should reuse? Are there other Svelte components that already consume server-se
  nt events or handle real-time data that I should use as a reference?

  Wait, I also see mention of "Testing patterns" in the project context. I shoul
  d look at the existing test suite to see how Redis or similar external service
  s are mocked. This will be crucial for meeting the acceptance criteria of US-0
  02.

  Actually, I don't even have a clear picture of the src/lib structure yet. To m
  ove forward effectively, I'll explore the codebase to identify existing compon
  ents, relevant server-side files, and the current testing patterns to ensure m
  y implementation is consistent with the rest of the project.
• Let me understand the codebase structure better and then implement US-002.
• Used Glob (src/lib/**/*.ts)
• Used Glob (src/lib/components/*.svelte)
• Used Glob (tests/*.spec.ts)
• Let me look at the existing components and server code to understand the patte
  rns used, then implement the Redis subscription service.
• Used ReadFile (src/lib/server/auth.ts)
• Used ReadFile (src/lib/components/VMCreationModal.svelte)
• Used ReadFile (package.json)
• I've confirmed that ioredis is a dependency, which provides the necessary foun
  dation for the Redis subscriber implementation required by US-002. I need to s
  et up src/lib/server/redis.ts to handle the 'clawd:responses' channel, includi
  ng the specific logic for auto-unsubscribe after 10 minutes to prevent memory
  leaks as outlined in the PRD.

  Hmm, before I start coding the Redis client, I should look at the existing pro
  ject conventions. Since this is a SvelteKit application, there might already b
  e established patterns for server-side services or specific utility structures
  I should follow. Looking at the AGENTS.md file should clarify the expected arc
  hitecture and coding standards.

  But wait, once the Redis service is implemented, I'll need a robust way to ver
  ify it. While unit tests are required, a full end-to-end check using the brows
  er will be necessary to ensure the real-time updates are actually reaching the
  UI. I'll need the playwright-skill for that later.

  Actually, let me step back. Instead of just guessing about the project structu
  re, I should examine the available tools and documentation. I see playwright-s
  kill and AGENTS.md in the skills directory. Reading these will provide the con
  text needed for both the implementation and the subsequent testing phase. This
  ensures my approach aligns with the established agent workflows and testing pr
  otocols.

  I'll proceed by reading the skill instructions and the agent documentation to
  establish the correct baseline for this task.
• Let me check the redis skill for any patterns, and then implement the Redis su
  bscription service.
• Used ReadFile (/root/.config/agents/skil...playwright-skill/SKILL.md)
• Used ReadFile (AGENTS.md)
• Hmm, the project structure in src/lib/server/redis.ts indicates that a central
  ized Redis service is the way to go. This VMStatusSubscriber needs to be robus
  t—handling ACKNOWLEDGED, SUCCESS, and ERROR events—while preventing memory lea
  ks via a 10-minute auto-unsubscribe timer. Actually, managing the subscriber l
  ifecycle properly in a serverless context requires a singleton pattern to ensu
  re we don't spawn multiple listeners for the same command ID. I'll define the
  status types and the subscription callback interface first. This service is a
  foundational piece for US-002. Before I start the actual implementation, I'll
  update the todo list to track my progress and ensure all requirements are cove
  red.
• Now I'll implement US-002 - Create Redis subscription service. Let me set up a
  todo list and implement this.
• Used SetTodoList
  • Create Redis subscription service (src/lib/server/redis.ts) ←
  • Write tests for Redis subscriber
  • Run typecheck
  • Commit changes
  • Update progress.txt
• Now let me create the Redis subscription service. I need to:

  1. Create a VMStatusSubscriber class that subscribes to 'clawd:responses'
  2. Support subscribe/unsubscribe by commandId with callback handler
  3. Auto-unsubscribe after 10 minutes to prevent memory leaks
  4. Handle ACKNOWLEDGED, SUCCESS, and ERROR events

  Let me write the implementation.
• Used WriteFile (src/lib/server/redis.ts)
• Now I need to create tests for the Redis subscriber. Let me check the existing
  test structure and then write tests.
• Now let me update the todo list and create the tests:
• Used SetTodoList
  • Create Redis subscription service (src/lib/server/redis.ts)
  • Write tests for Redis subscriber ←
  • Run typecheck
  • Commit changes
  • Update progress.txt
• Used ReadFile (tests/vm-creation-modal.spec.ts)
• Now I need to create tests for the Redis subscriber. Let me create a separate
  test file for the Redis service since it's a server-side module that needs uni
  t tests.
• Now I'll create tests for the Redis subscriber:
• Used WriteFile (tests/redis-subscriber.spec.ts)
• Now let me update the package.json to add vitest for unit testing and check if
  the typecheck passes. Let me first check the tsconfig and then run the typeche
  ck.
• Now let me update package.json to add vitest and run typecheck:
• Used ReadFile (package.json)
• Used ReadFile (tsconfig.json)
• Let me add vitest for unit testing and update the package.json scripts. Then I
  'll run the typecheck.
• Used StrReplaceFile (package.json)
• Now let me run npm install to add vitest and then run typecheck.
• Used Shell (cd /root/code/minion && npm install 2>&1)
• Good, vitest is installed. Now let me run the typecheck to ensure the code is
  valid.
• Used Shell (cd /root/code/minion && npm run check 2>&1)
• Typecheck passes (only a pre-existing accessibility warning). Now let me creat
  e a vitest config file and run the unit tests.
• Typecheck passes. Now let me create vitest config and run the tests:
• Used WriteFile (vitest.config.ts)
• Now let me run the unit tests.
• Used Shell (cd /root/code/minion && npm run test:unit 2>&1)
  Failed with exit code: 1
• There's a failing test - I need to fix it. The test is using subscriber instea
  d of testSubscriber in the auto-unsubscribe test. Let me fix that.
• Let me fix the failing test:
• Used StrReplaceFile (tests/redis-subscriber.spec.ts)
• Now let me run the tests again.
• Used Shell (cd /root/code/minion && npm run test:unit 2>&1)
• All tests pass. Now let me update the todo list and commit the changes, then u
  pdate the progress.txt.
• All tests pass. Let me update the todo list and commit the changes:
• Used SetTodoList
  • Create Redis subscription service (src/lib/server/redis.ts)
  • Write tests for Redis subscriber
  • Run typecheck
  • Commit changes ←
  • Update progress.txt
• Now let me update the AGENTS.md file to document the Redis subscription servic
  e, then commit the changes.
• Used ReadFile (AGENTS.md)
• Now let me update the AGENTS.md file to add the Redis subscription service doc
  umentation.
• Used StrReplaceFile (AGENTS.md)
• Now let me update the Last Updated section in AGENTS.md and commit the changes
  .
• Used StrReplaceFile (AGENTS.md)
• Now let me check the current git status and commit the changes.
• Used Shell (cd /root/code/minion && git status 2>&1)
• Good, I can see the changes. Let me add the relevant files and commit them. I'
  ll skip the logs directory since those are just log files.
• Used Shell (cd /root/code/minion && g...NTS.md && git status 2>&1)
• Good, the relevant files are staged. Let me commit them.
• Used Shell (cd /root/code/minion && g...r real-time updates" 2>&1)
• Now let me update the PRD to set passes: true for US-002, then update progress
  .txt.
• Now let me update the PRD and progress.txt:
• Used StrReplaceFile (prd.json)
• Now let me update progress.txt with the new learnings.
• Used ReadFile (progress.txt)
• Now let me append the US-002 progress to progress.txt.
• Used WriteFile (progress.txt)
• Now let me finalize the todo list and verify everything is in order.
• Used SetTodoList
  • Create Redis subscription service (src/lib/server/redis.ts)
  • Write tests for Redis subscriber
  • Run typecheck
  • Commit changes
  • Update progress.txt
• All tasks are complete. Let me verify the final state of the PRD and summarize
  what was done.
• Let me verify the final state:
• Used Shell (cd /root/code/minion && g... "---" && git status 2>&1)
• I need to commit the prd.json and progress.txt changes as well. Let me do that
  .
• Used Shell (cd /root/code/minion && g...progress for US-002" 2>&1)
• All done! Let me provide a summary of what was completed.
• ✅ US-002 Complete - Redis Subscription Service

  I've successfully implemented the Redis subscription service for real-time VM
  creation updates:

  Files Created:

  • src/lib/server/redis.ts - VMStatusSubscriber class with:
    • Connection management (separate subscriber/publisher Redis connections)
    • Subscribe/unsubscribe by commandId with callback handlers
    • Auto-unsubscribe after 10 minutes to prevent memory leaks
    • Auto-unsubscribe on terminal states (SUCCESS/ERROR)
    • Event handling for ACKNOWLEDGED, SUCCESS, and ERROR
    • Singleton pattern via getSharedVMStatusSubscriber()
  • tests/redis-subscriber.spec.ts - Comprehensive unit tests (22 tests, all pas
    ng)
  • vitest.config.ts - Vitest configuration for unit testing

  Files Modified:

  • package.json - Added vitest dependency and test scripts
  • AGENTS.md - Added Redis Pub/Sub Service documentation
  • prd.json - Marked US-002 as complete (passes: true)
  • progress.txt - Added progress entry with learnings

  Key Learnings Added to Codebase Patterns:

  • Redis pub/sub requires separate connections for subscriber and publisher
  • Implement dual auto-cleanup (timeout-based + terminal-state-based)
  • Memory leak prevention via clearTimeout on manual unsubscribe
  • Vitest mocking patterns for external dependencies like ioredis
