╭──────────────────────────────────────────────────────────────────────────────────────────────────────────────╮
│ # Ralph Agent Instructions                                                                                   │
│                                                                                                              │
│ You are an autonomous coding agent working on a software project.                                            │
│                                                                                                              │
│ ## Your Task                                                                                                 │
│                                                                                                              │
│ 1. Read the PRD at `prd.json` (in the same directory as this file)                                           │
│ 2. Read the progress log at `progress.txt` (check Codebase Patterns section first)                           │
│ 3. Check you're on the correct branch from PRD `branchName`. If not, check it out or create from main.       │
│ 4. Pick the **highest priority** user story where `passes: false`                                            │
│ 5. Implement that single user story                                                                          │
│ 6. Run quality checks (e.g., typecheck, lint, test - use whatever your project requires)                     │
│ 7. Update AGENTS.md files if you discover reusable patterns (see below)                                      │
│ 8. If checks pass, commit ALL changes with message: `feat: [Story ID] - [Story Title]`                       │
│ 9. Update the PRD to set `passes: true` for the completed story                                              │
│ 10. Append your progress to `progress.txt`                                                                   │
│                                                                                                              │
│ ## Progress Report Format                                                                                    │
│                                                                                                              │
│ APPEND to progress.txt (never replace, always append):                                                       │
│ ```                                                                                                          │
│ ## [Date/Time] - [Story ID]                                                                                  │
│ - What was implemented                                                                                       │
│ - Files changed                                                                                              │
│ - **Learnings for future iterations:**                                                                       │
│   - Patterns discovered (e.g., "this codebase uses X for Y")                                                 │
│   - Gotchas encountered (e.g., "don't forget to update Z when changing W")                                   │
│   - Useful context (e.g., "the evaluation panel is in component X")                                          │
│ ---                                                                                                          │
│ ```                                                                                                          │
│                                                                                                              │
│ The learnings section is critical - it helps future iterations avoid repeating mistakes and understand the c │
│ odebase better.                                                                                              │
│                                                                                                              │
│ ## Consolidate Patterns                                                                                      │
│                                                                                                              │
│ If you discover a **reusable pattern** that future iterations should know, add it to the `## Codebase Patter │
│ ns` section at the TOP of progress.txt (create it if it doesn't exist). This section should consolidate the  │
│ most important learnings:                                                                                    │
│                                                                                                              │
│ ```                                                                                                          │
│ ## Codebase Patterns                                                                                         │
│ - Example: Use `sql<number>` template for aggregations                                                       │
│ - Example: Always use `IF NOT EXISTS` for migrations                                                         │
│ - Example: Export types from actions.ts for UI components                                                    │
│ ```                                                                                                          │
│                                                                                                              │
│ Only add patterns that are **general and reusable**, not story-specific details.                             │
│                                                                                                              │
│ ## Update AGENTS.md Files                                                                                    │
│                                                                                                              │
│ Before committing, check if any edited files have learnings worth preserving in nearby AGENTS.md files:      │
│                                                                                                              │
│ 1. **Identify directories with edited files** - Look at which directories you modified                       │
│ 2. **Check for existing AGENTS.md** - Look for AGENTS.md in those directories or parent directories          │
│ 3. **Add valuable learnings** - If you discovered something future developers/agents should know:            │
│    - API patterns or conventions specific to that module                                                     │
│    - Gotchas or non-obvious requirements                                                                     │
│    - Dependencies between files                                                                              │
│    - Testing approaches for that area                                                                        │
│    - Configuration or environment requirements                                                               │
│                                                                                                              │
│ **Examples of good AGENTS.md additions:**                                                                    │
│ - "When modifying X, also update Y to keep them in sync"                                                     │
│ - "This module uses pattern Z for all API calls"                                                             │
│ - "Tests require the dev server running on PORT 3000"                                                        │
│ - "Field names must match the template exactly"                                                              │
│                                                                                                              │
│ **Do NOT add:**                                                                                              │
│ - Story-specific implementation details                                                                      │
│ - Temporary debugging notes                                                                                  │
│ - Information already in progress.txt                                                                        │
│                                                                                                              │
│ Only update AGENTS.md if you have **genuinely reusable knowledge** that would help future work in that direc │
│ tory.                                                                                                        │
│                                                                                                              │
│ ## Quality Requirements                                                                                      │
│                                                                                                              │
│ - ALL commits must pass your project's quality checks (typecheck, lint, test)                                │
│ - Do NOT commit broken code                                                                                  │
│ - Keep changes focused and minimal                                                                           │
│ - Follow existing code patterns                                                                              │
│                                                                                                              │
│ ## Browser Testing (Required for Frontend Stories)                                                           │
│                                                                                                              │
│ For any story that changes UI, you MUST verify it works in the browser:                                      │
│                                                                                                              │
│ 1. Load the `dev-browser` skill                                                                              │
│ 2. Navigate to the relevant page                                                                             │
│ 3. Verify the UI changes work as expected                                                                    │
│ 4. Take a screenshot if helpful for the progress log                                                         │
│                                                                                                              │
│ A frontend story is NOT complete until browser verification passes.                                          │
│                                                                                                              │
│ ## Stop Condition                                                                                            │
│                                                                                                              │
│ After completing a user story, check if ALL stories have `passes: true`.                                     │
│                                                                                                              │
│ If ALL stories are complete and passing, reply with:                                                         │
│ <promise>COMPLETE</promise>                                                                                  │
│                                                                                                              │
│ If there are still stories with `passes: false`, end your response normally (another iteration will pick up  │
│ the next story).                                                                                             │
│                                                                                                              │
│ ## Important                                                                                                 │
│                                                                                                              │
│ - Work on ONE story per iteration                                                                            │
│ - Commit frequently                                                                                          │
│ - Keep CI green                                                                                              │
│ - Read the Codebase Patterns section in progress.txt before starting                                         │
╰──────────────────────────────────────────────────────────────────────────────────────────────────────────────╯
• Let me start by reading the PRD file and the progress log to understand what needs to be done.
• Used ReadFile (prd.json)
• Used ReadFile (progress.txt)
• Looking at the PRD, I can see:

  • US-001 and US-002 are already completed (passes: true)
  • The next highest priority story is US-003: Build Step 1 - Name Your Bot (priority: 3, passes: false)

  Let me check the current branch and the existing VMCreationModal component to understand what needs to be buil
  t.
• Let me check the current branch and examine the existing modal component to understand the current state:
• Used Shell (git branch --show-current && git status)
• Used ReadFile (src/lib/components/VMCreationModal.svelte)
• Okay, I've analyzed the PRD and the current state of the modal. US-003 is the priority now: building Step 1 fo
  r bot naming. The requirements are quite specific: a 3-30 character alphanumeric/hyphen input with real-time v
  alidation and a progress indicator.

  Wait, before I dive into the code, I need to ensure my workspace is organized. Since this is a distinct user s
  tory, I should formally document my progress. Actually, let me update my todo list first to reflect that US-00
  3 is now in progress. This will keep the workflow structured as I transition from the 'Name Your Bot' design p
  hase to the actual implementation of the validation logic.
• Now I understand the task. I need to implement US-003: Build Step 1 - Name Your Bot. Let me set up my todo lis
  t and start implementing:
• Used SetTodoList
  • Implement Step 1 - Name Your Bot in VMCreationModal ←
  • Add real-time validation for bot name (3-30 chars, alphanumeric + hyphen)
  • Add step indicator showing 'Step 1 of 4'
  • Typecheck and build verification
  • Browser verification with dev-browser skill
  • Update progress.txt and commit
• Let me now implement Step 1 in the VMCreationModal component. I need to:

  1. Add a currentStep state to track which step we're on
  2. Create Step 1 content with:
    • Display selected Minion avatar and name at top
    • Single text input for bot name with 3-30 character limit
    • Validate alphanumeric + hyphen only format
    • Real-time validation showing error for invalid format
    • Next button disabled until valid name entered
    • Step indicator showing "Step 1 of 4"
  3. Add validation logic
  4. Update the step indicator to be dynamic

  Let me update the VMCreationModal.svelte file:
• Let me check the current +page.svelte to see how the modal is integrated:
• Used ReadFile (src/routes/+page.svelte)
• Now I have a good understanding of the current setup. Let me implement US-003: Build Step 1 - Name Your Bot. I
  need to update the VMCreationModal.svelte to add:

  1. A currentStep state variable (1-4)
  2. Step 1 content with:
    • Display selected Minion avatar and name at top
    • Single text input for bot name with 3-30 character limit
    • Validate alphanumeric + hyphen only format
    • Real-time validation showing error for invalid format
    • Next button disabled until valid name entered
    • Step indicator showing "Step 1 of 4"

  Let me rewrite the VMCreationModal.svelte with these features:
• Now I'll implement Step 1 in the VMCreationModal. Let me update the component with the step system and the nam
  e input form:
• Used WriteFile (src/lib/components/VMCreationModal.svelte)
• Now let me update my todo list and run the typecheck to make sure everything compiles correctly.
• Used SetTodoList
  • Implement Step 1 - Name Your Bot in VMCreationModal
  • Add real-time validation for bot name (3-30 chars, alphanumeric + hyphen)
  • Add step indicator showing 'Step 1 of 4'
  • Typecheck and build verification ←
  • Browser verification with dev-browser skill
  • Update progress.txt and commit
• Used Shell (cd /root/code/minion && npm run check 2>&1)
• Typecheck passes (0 errors). The warning is pre-existing and not related to my changes. Now let me verify the
  build also passes:
• Typecheck passes! Now let me verify the build:
• Used Shell (cd /root/code/minion && n...run build 2>&1 | tail -30)
• Build passes. Now I need to verify it works in the browser using the dev-browser skill. Let me start the dev s
  erver and test:
• Build passes! Now let me verify it in the browser:
• Used SetTodoList
  • Implement Step 1 - Name Your Bot in VMCreationModal
  • Add real-time validation for bot name (3-30 chars, alphanumeric + hyphen)
  • Add step indicator showing 'Step 1 of 4'
  • Typecheck and build verification
  • Browser verification with dev-browser skill ←
  • Update progress.txt and commit
• Used ReadFile (/root/.config/agents/skil...playwright-skill/SKILL.md)
• Now let me use the playwright skill to verify the Step 1 implementation. First, I'll detect dev servers, then
  write a test script to take screenshots of the different states.
• Let me start the dev server and test Step 1 in the browser:
• Used Shell (cd /root/code/minion && n...ho "Server not ready yet")
  Killed by timeout (15s)
• The dev server is running on port 5174. Now let me write a Playwright test script to verify the Step 1 impleme
  ntation with screenshots.
• Server is running on port 5174. Now let me write a test script to verify Step 1:
• Used WriteFile (/tmp/playwright-test-us003.js)
• Now let me run the test script:
• Used Shell (cd /root/.config/agents/s...wright-test-us003.js 2>&1)
  Failed with exit code: 1
• The headed browser doesn't work without X server. Let me use headless mode instead and take screenshots to ver
  ify.
• Need to use headless mode. Let me update the script:
• Used WriteFile (/tmp/playwright-test-us003.js)
• Now let me run the updated script with headless mode:
• Used Shell (cd /root/.config/agents/s...wright-test-us003.js 2>&1)
  Failed with exit code: 1
• The selector for the hire button might be different. Let me check the CharacterSelector component to see what
  class/selector the hire button uses.
• Let me check the CharacterSelector to find the correct button selector:
• Used Grep (hire|HIRE|Hire)
• The class is hire-button, not hire-btn. Let me update the script:
• Used StrReplaceFile (/tmp/playwright-test-us003.js)
• Now let me run the test again:
• Used Shell (cd /root/.config/agents/s...wright-test-us003.js 2>&1)
• All tests pass! The Step 1 implementation is working correctly:

  • Next button is disabled with empty input
  • Error messages appear for invalid inputs (too short, special chars)
  • Character count works
  • Valid name enables the Next button
  • Step indicator shows "Step 1 of 4"
  • Mobile viewport works

  Let me now read the screenshots to verify they look correct, then update the progress.txt and commit.
• All tests pass! Let me verify the screenshots look correct:
• Used ReadMediaFile (/tmp/us003-02-modal-open-empty.png)
• Used ReadMediaFile (/tmp/us003-04-invalid-chars.png)
• Used ReadMediaFile (/tmp/us003-06-valid-name.png)
• Used ReadMediaFile (/tmp/us003-07-mobile.png)
• Hmm, looking at the test results and the screenshots, the Step 1 implementation is looking solid. The modal co
  rrectly displays Benny's avatar and the "AI Assistant" label. The validation logic for the bot name—handling e
  mpty inputs, character limits, and special characters—is triggering the error states exactly as expected. The
  Next button logic and the Step 1 of 4 indicator are also fully operational.

  Wait, I should double-check the mobile layout... Yes, the 375x812 screenshot confirms the responsive design is
  holding up perfectly. Since I've verified the UI against all the requirements in the PRD and the code is stabl
  e, I'm ready to move to the next phase.

  Actually, before I commit these changes, I need to ensure my internal progress tracking is up to date. I've co
  mpleted the implementation and validation, so I should mark these tasks as finished in my todo list. This will
  provide a clear record of the work done on the VMCreationModal before I finalize the commit. Let me update the
  status of these items now.
• Excellent! All screenshots look great:

  • ✅ Empty input with Next button disabled
  • ✅ Error state for invalid characters (red border, error message)
  • ✅ Valid name state (green border, checkmark, enabled Next button)
  • ✅ Mobile responsive layout looks good

  Now let me update progress.txt and commit:
• Used SetTodoList
  • Implement Step 1 - Name Your Bot in VMCreationModal
  • Add real-time validation for bot name (3-30 chars, alphanumeric + hyphen)
  • Add step indicator showing 'Step 1 of 4'
  • Typecheck and build verification
  • Browser verification with dev-browser skill
  • Update progress.txt and commit ←
• Now let me update the progress.txt file:
• Used WriteFile (progress.txt)
• Now let me update the PRD to set passes: true for US-003:
• Used StrReplaceFile (prd.json)
• Now let me commit the changes:
• Now let me commit the changes:
