╭──────────────────────────────────────────────────────────────────────────────────────────────────────────────╮
│ # Ralph Agent Instructions                                                                                   │
│                                                                                                              │
│ You are an autonomous coding agent working on a software project.                                            │
│                                                                                                              │
│ ## Your Task                                                                                                 │
│                                                                                                              │
│ 1. Read the PRD at `prd.json` (in the same directory as this file)                                           │
│ 2. Read the progress log at `progress.txt` (check Codebase Patterns section first)                           │
│ 3. Check you're on the correct branch from PRD `branchName`. If not, check it out or create from main.       │
│ 4. Pick the **highest priority** user story where `passes: false`                                            │
│ 5. Implement that single user story                                                                          │
│ 6. Run quality checks (e.g., typecheck, lint, test - use whatever your project requires)                     │
│ 7. Update AGENTS.md files if you discover reusable patterns (see below)                                      │
│ 8. If checks pass, commit ALL changes with message: `feat: [Story ID] - [Story Title]`                       │
│ 9. Update the PRD to set `passes: true` for the completed story                                              │
│ 10. Append your progress to `progress.txt`                                                                   │
│                                                                                                              │
│ ## Progress Report Format                                                                                    │
│                                                                                                              │
│ APPEND to progress.txt (never replace, always append):                                                       │
│ ```                                                                                                          │
│ ## [Date/Time] - [Story ID]                                                                                  │
│ - What was implemented                                                                                       │
│ - Files changed                                                                                              │
│ - **Learnings for future iterations:**                                                                       │
│   - Patterns discovered (e.g., "this codebase uses X for Y")                                                 │
│   - Gotchas encountered (e.g., "don't forget to update Z when changing W")                                   │
│   - Useful context (e.g., "the evaluation panel is in component X")                                          │
│ ---                                                                                                          │
│ ```                                                                                                          │
│                                                                                                              │
│ The learnings section is critical - it helps future iterations avoid repeating mistakes and understand the c │
│ odebase better.                                                                                              │
│                                                                                                              │
│ ## Consolidate Patterns                                                                                      │
│                                                                                                              │
│ If you discover a **reusable pattern** that future iterations should know, add it to the `## Codebase Patter │
│ ns` section at the TOP of progress.txt (create it if it doesn't exist). This section should consolidate the  │
│ most important learnings:                                                                                    │
│                                                                                                              │
│ ```                                                                                                          │
│ ## Codebase Patterns                                                                                         │
│ - Example: Use `sql<number>` template for aggregations                                                       │
│ - Example: Always use `IF NOT EXISTS` for migrations                                                         │
│ - Example: Export types from actions.ts for UI components                                                    │
│ ```                                                                                                          │
│                                                                                                              │
│ Only add patterns that are **general and reusable**, not story-specific details.                             │
│                                                                                                              │
│ ## Update AGENTS.md Files                                                                                    │
│                                                                                                              │
│ Before committing, check if any edited files have learnings worth preserving in nearby AGENTS.md files:      │
│                                                                                                              │
│ 1. **Identify directories with edited files** - Look at which directories you modified                       │
│ 2. **Check for existing AGENTS.md** - Look for AGENTS.md in those directories or parent directories          │
│ 3. **Add valuable learnings** - If you discovered something future developers/agents should know:            │
│    - API patterns or conventions specific to that module                                                     │
│    - Gotchas or non-obvious requirements                                                                     │
│    - Dependencies between files                                                                              │
│    - Testing approaches for that area                                                                        │
│    - Configuration or environment requirements                                                               │
│                                                                                                              │
│ **Examples of good AGENTS.md additions:**                                                                    │
│ - "When modifying X, also update Y to keep them in sync"                                                     │
│ - "This module uses pattern Z for all API calls"                                                             │
│ - "Tests require the dev server running on PORT 3000"                                                        │
│ - "Field names must match the template exactly"                                                              │
│                                                                                                              │
│ **Do NOT add:**                                                                                              │
│ - Story-specific implementation details                                                                      │
│ - Temporary debugging notes                                                                                  │
│ - Information already in progress.txt                                                                        │
│                                                                                                              │
│ Only update AGENTS.md if you have **genuinely reusable knowledge** that would help future work in that direc │
│ tory.                                                                                                        │
│                                                                                                              │
│ ## Quality Requirements                                                                                      │
│                                                                                                              │
│ - ALL commits must pass your project's quality checks (typecheck, lint, test)                                │
│ - Do NOT commit broken code                                                                                  │
│ - Keep changes focused and minimal                                                                           │
│ - Follow existing code patterns                                                                              │
│                                                                                                              │
│ ## Browser Testing (Required for Frontend Stories)                                                           │
│                                                                                                              │
│ For any story that changes UI, you MUST verify it works in the browser:                                      │
│                                                                                                              │
│ 1. Load the `dev-browser` skill                                                                              │
│ 2. Navigate to the relevant page                                                                             │
│ 3. Verify the UI changes work as expected                                                                    │
│ 4. Take a screenshot if helpful for the progress log                                                         │
│                                                                                                              │
│ A frontend story is NOT complete until browser verification passes.                                          │
│                                                                                                              │
│ ## Stop Condition                                                                                            │
│                                                                                                              │
│ After completing a user story, check if ALL stories have `passes: true`.                                     │
│                                                                                                              │
│ If ALL stories are complete and passing, reply with:                                                         │
│ <promise>COMPLETE</promise>                                                                                  │
│                                                                                                              │
│ If there are still stories with `passes: false`, end your response normally (another iteration will pick up  │
│ the next story).                                                                                             │
│                                                                                                              │
│ ## Important                                                                                                 │
│                                                                                                              │
│ - Work on ONE story per iteration                                                                            │
│ - Commit frequently                                                                                          │
│ - Keep CI green                                                                                              │
│ - Read the Codebase Patterns section in progress.txt before starting                                         │
╰──────────────────────────────────────────────────────────────────────────────────────────────────────────────╯
• Let me start by reading the PRD at prd.json and the progress log at progress.txt to understand what needs to b
  e done.
• Used ReadFile (prd.json)
• Used ReadFile (progress.txt)
• Used ReadFile (.last-branch)
• The progress log is currently empty, so I need to initialize the workflow for the ralph/vm-creation-modal bran
  ch. The highest priority item is US-001, which involves setting up the backend infrastructure for VM creation.

  Wait, before I start writing the Zod schemas and Redis logic for src/routes/api/vms/+server.ts, I need to unde
  rstand the project's existing architecture. Is there a standard pattern for API routes here? I should check if
  Zod is already a dependency and how Redis is typically interfaced with.

  Actually, let me step back. I'll start by verifying the git state to ensure I'm working on the correct branch.
  Then, I'll examine the package.json to see the available scripts and dependencies, and I'll look for existing
  server-side logic in src/lib/server to ensure my implementation follows the established patterns. This will gi
  ve me the necessary context to build a robust API endpoint.
• Used Shell (git status && git branch -a)
• Used ReadFile (package.json)
• Used Glob (src/lib/server/**/*)
• I need to create the branch and implement the first user story (US-001). Let me:

  1. Create the branch ralph/vm-creation-modal
  2. Create the API endpoint
  3. I need to install zod and redis dependencies

  Let me first check the existing auth.ts to understand the patterns used:
• Used ReadFile (src/lib/server/auth.ts)
• Used Glob (src/routes/api/**/*)
• Let me check the existing API endpoint patterns:
• Used ReadFile (src/routes/api/auth/init/+server.ts)
• Used ReadFile (src/routes/api/auth/callback/+server.ts)
• I understand the project structure now. I need to create the API endpoint for VM creation. Let me:

  1. First, create and checkout the branch
  2. Install zod for validation
  3. Create the API endpoint

  For Redis, since the project doesn't have a Redis client yet, I'll need to either:

  • Install a Redis client library (like ioredis or redis)
  • Or create a mock for now

  Looking at the PRD, it says "Publish formatted message to Redis clawd:commands channel" - this suggests there'
  s an existing Redis setup somewhere, possibly in a Docker environment.

  Let me create the branch and start implementing:
• Now I'll create the branch and implement US-001. First, let me create and checkout the branch, then install de
  pendencies.
• Used Shell (git checkout -b ralph/vm-...ion-modal" > .last-branch)
• Now I need to install zod for validation. Let me check if there's a redis client I should use.
• Used Shell (npm install zod ioredis &...install -D @types/ioredis)
• I have zod and ioredis installed. Now let me create the API endpoint for VM creation. Based on the PRD:

  1. Create POST /api/vms endpoint in src/routes/api/vms/+server.ts
  2. Add Zod validation for request body (name, token, passcode, minionId)
  3. Auto-fill technical fields: model='moonshot/kimi-k2.5', ram=4, cpus=2, disk=20
  4. Auto-fill profiles=[minionId], channels.telegram.dmPolicy='passcode', env.BOT_PASSCODE=passcode
  5. Publish formatted message to Redis clawd:commands channel
  6. Return appropriate success/error response

  Let me create the API endpoint:
• Now let me create the VM creation API endpoint:
• Used Shell (mkdir -p src/routes/api/vms)
• Now I'll create the API endpoint for VM creation.
• Used WriteFile (src/routes/api/vms/+server.ts)
• Now let me run typecheck to make sure everything compiles correctly:
• Now let me run the typecheck to ensure the code is valid:
• Used Shell (npm run check 2>&1)
  Failed with exit code: 1
• The zod error has a different shape. Let me fix the error handling:
• Used StrReplaceFile (src/routes/api/vms/+server.ts)
• Now let me run typecheck again:
• Used Shell (npm run check 2>&1)
• The typecheck passes now. The warning is in an existing file and is not related to our changes. Let me also ve
  rify the build works:
• Typecheck passes. Let me verify the build works as well:
• Used Shell (npm run build 2>&1)
• Build passes. Now let me update the AGENTS.md with the patterns I discovered, and then update the PRD and prog
  ress.txt. Let me also commit the changes.
• Build passes. Now let me update the progress.txt with the code patterns discovered and commit the changes:
• Used WriteFile (progress.txt)
• Now let me update the PRD to mark US-001 as complete and commit the changes:
• Used StrReplaceFile (prd.json)
• Now let me commit all the changes:
