╭──────────────────────────────────────────────────────────────────────────────╮
│ # Ralph Agent Instructions                                                   │
│                                                                              │
│ You are an autonomous coding agent working on a software project.            │
│                                                                              │
│ ## 🛡️ CRITICAL SAFETY RULES - NEVER VIOLATE                                   │
│                                                                              │
│ ### System Resource Protection                                               │
│ The following actions are **STRICTLY PROHIBITED** and will cause harm to the │
│ host system:                                                                 │
│                                                                              │
│ **Docker/Container Management:**                                             │
│ - **NEVER** run `docker stop` without an explicit container name or ID       │
│ - **NEVER** use `docker stop $(docker ps -q)` or any pattern that stops mult │
│ iple/all containers                                                          │
│ - **NEVER** run `docker rm -f $(docker ps -aq)` or similar mass-removal comm │
│ ands                                                                         │
│ - **ALWAYS** verify container names with `docker ps --filter name=<pattern>` │
│ before stopping                                                              │
│ - **ONLY** stop containers that were explicitly created by this session      │
│ - **ONLY** stop containers using their explicit name: `docker stop <exact-co │
│ ntainer-name>`                                                               │
│                                                                              │
│ **Process Management:**                                                      │
│ - **NEVER** run `killall`, `pkill`, or similar commands without specific pro │
│ cess names                                                                   │
│ - **NEVER** use `kill -9` on system processes or processes you didn't start  │
│ - **ONLY** terminate processes you explicitly started in this session        │
│                                                                              │
│ **Port/Network Conflicts:**                                                  │
│ - If a port is in use, **USE A DIFFERENT PORT** instead of killing the proce │
│ ss using it                                                                  │
│ - Check what's running on a port with `lsof -i :<port>` or `ss -tlnp | grep  │
│ <port>`                                                                      │
│ - Prefer random/high ports (e.g., `docker run -p 0:8080`) to avoid conflicts │
│                                                                              │
│ **General Safety:**                                                          │
│ - **NEVER** run commands that affect system-wide state unless explicitly req │
│ uired by the PRD                                                             │
│ - **NEVER** use wildcards or glob patterns with destructive commands (`rm`,  │
│ `kill`, `stop`)                                                              │
│ - When in doubt, be explicit and specific with resource names                │
│                                                                              │
│ ---                                                                          │
│                                                                              │
│ ## Your Task                                                                 │
│                                                                              │
│ 1. Read the PRD at `prd.json` (in the same directory as this file)           │
│ 2. Read the progress log at `progress.txt` (check Codebase Patterns section  │
│ first)                                                                       │
│ 3. Check you're on the correct branch from PRD `branchName`. If not, check i │
│ t out or create from main.                                                   │
│ 4. Pick the **highest priority** user story where `passes: false`            │
│ 5. Implement that single user story                                          │
│ 6. Run quality checks (e.g., typecheck, lint, test - use whatever your proje │
│ ct requires)                                                                 │
│ 7. Update AGENTS.md files if you discover reusable patterns (see below)      │
│ 8. If checks pass, commit ALL changes with message: `feat: [Story ID] - [Sto │
│ ry Title]`                                                                   │
│ 9. Update the PRD to set `passes: true` for the completed story              │
│ 10. Append your progress to `progress.txt`                                   │
│                                                                              │
│ ## Progress Report Format                                                    │
│                                                                              │
│ APPEND to progress.txt (never replace, always append):                       │
│ ```                                                                          │
│ ## [Date/Time] - [Story ID]                                                  │
│ - What was implemented                                                       │
│ - Files changed                                                              │
│ - **Learnings for future iterations:**                                       │
│   - Patterns discovered (e.g., "this codebase uses X for Y")                 │
│   - Gotchas encountered (e.g., "don't forget to update Z when changing W")   │
│   - Useful context (e.g., "the evaluation panel is in component X")          │
│ ---                                                                          │
│ ```                                                                          │
│                                                                              │
│ The learnings section is critical - it helps future iterations avoid repeati │
│ ng mistakes and understand the codebase better.                              │
│                                                                              │
│ ## Consolidate Patterns                                                      │
│                                                                              │
│ If you discover a **reusable pattern** that future iterations should know, a │
│ dd it to the `## Codebase Patterns` section at the TOP of progress.txt (crea │
│ te it if it doesn't exist). This section should consolidate the most importa │
│ nt learnings:                                                                │
│                                                                              │
│ ```                                                                          │
│ ## Codebase Patterns                                                         │
│ - Example: Use `sql<number>` template for aggregations                       │
│ - Example: Always use `IF NOT EXISTS` for migrations                         │
│ - Example: Export types from actions.ts for UI components                    │
│ ```                                                                          │
│                                                                              │
│ Only add patterns that are **general and reusable**, not story-specific deta │
│ ils.                                                                         │
│                                                                              │
│ ## Update AGENTS.md Files                                                    │
│                                                                              │
│ Before committing, check if any edited files have learnings worth preserving │
│ in nearby AGENTS.md files:                                                   │
│                                                                              │
│ 1. **Identify directories with edited files** - Look at which directories yo │
│ u modified                                                                   │
│ 2. **Check for existing AGENTS.md** - Look for AGENTS.md in those directorie │
│ s or parent directories                                                      │
│ 3. **Add valuable learnings** - If you discovered something future developer │
│ s/agents should know:                                                        │
│    - API patterns or conventions specific to that module                     │
│    - Gotchas or non-obvious requirements                                     │
│    - Dependencies between files                                              │
│    - Testing approaches for that area                                        │
│    - Configuration or environment requirements                               │
│                                                                              │
│ **Examples of good AGENTS.md additions:**                                    │
│ - "When modifying X, also update Y to keep them in sync"                     │
│ - "This module uses pattern Z for all API calls"                             │
│ - "Tests require the dev server running on PORT 3000"                        │
│ - "Field names must match the template exactly"                              │
│                                                                              │
│ **Do NOT add:**                                                              │
│ - Story-specific implementation details                                      │
│ - Temporary debugging notes                                                  │
│ - Information already in progress.txt                                        │
│                                                                              │
│ Only update AGENTS.md if you have **genuinely reusable knowledge** that woul │
│ d help future work in that directory.                                        │
│                                                                              │
│ ## Quality Requirements                                                      │
│                                                                              │
│ - ALL commits must pass your project's quality checks (typecheck, lint, test │
│ )                                                                            │
│ - Do NOT commit broken code                                                  │
│ - Keep changes focused and minimal                                           │
│ - Follow existing code patterns                                              │
│                                                                              │
│ ## Browser Testing (Required for Frontend Stories)                           │
│                                                                              │
│ For any story that changes UI, you MUST verify it works in the browser:      │
│                                                                              │
│ 1. Load the `dev-browser` skill                                              │
│ 2. Navigate to the relevant page                                             │
│ 3. Verify the UI changes work as expected                                    │
│ 4. Take a screenshot if helpful for the progress log                         │
│                                                                              │
│ A frontend story is NOT complete until browser verification passes.          │
│                                                                              │
│ ## Stop Condition                                                            │
│                                                                              │
│ After completing a user story, check if ALL stories have `passes: true`.     │
│                                                                              │
│ If ALL stories are complete and passing, reply with:                         │
│ <promise>COMPLETE</promise>                                                  │
│                                                                              │
│ If there are still stories with `passes: false`, end your response normally  │
│ (another iteration will pick up the next story).                             │
│                                                                              │
│ ## Important                                                                 │
│                                                                              │
│ - Work on ONE story per iteration                                            │
│ - Commit frequently                                                          │
│ - Keep CI green                                                              │
│ - Read the Codebase Patterns section in progress.txt before starting         │
╰──────────────────────────────────────────────────────────────────────────────╯
• Let me start by reading the PRD file and the progress log to understand what n
  eeds to be done.
• Used ReadFile (prd.json)
• Used ReadFile (progress.txt)
• Alright, I've gone through the prd.json and the current progress.txt. US-001,
  US-002, and US-003 are all marked as passing. The next item on the list is US-
  004: 'Rename and refactor create bot endpoint'.

  Hmm... the requirements for US-004 are quite specific. It involves renaming sr
  c/routes/api/vms/+server.ts to src/routes/api/bots/+server.ts. But wait, I can
  't just move the file and be done with it. The logic inside needs to be refact
  ored to use the new scheduler services like getHealthyVms() and selectBestVm()
  .

  Actually, looking at the file structure again, I need to be careful. If I rena
  me the file, I'm essentially changing the API route from /api/vms to /api/bots
  . I should verify the existing code in src/lib/server/bot-service.ts and src/l
  ib/server/scheduler.ts first to make sure the functions I need to call actuall
  y exist and match the signatures required by the new endpoint.

  Wait, there's more. I also need to keep an eye on US-012, which talks about ke
  eping the old VM endpoint for backward compatibility. If I'm renaming the file
  for US-004, how does that affect the 'keeping the old one' part of US-012? It'
  s possible I'll need to look at how to maintain both routes or ensure the tran
  sition is smooth.

  Before I start hacking away at the file system and the code, I need to see the
  current implementation of the VM creation logic. I also need to check the proj
  ect structure to see if there are other dependencies or route handlers I might
  break. I'll start by examining the current VM route and getting a list of all
  relevant source files to ensure I have a complete picture of the impact.
• Now I understand the project. I can see that US-001, US-002, and US-003 are al
  ready complete. The next story to work on is US-004 - "Rename and refactor cre
  ate bot endpoint".

  Let me first check the current state of the files I'll need to work with:
• Used ReadFile (src/routes/api/vms/+server.ts)
• Used Glob (src/**/*.ts)
• I have successfully completed US-001 through US-003, establishing the foundati
  onal services for the Minion project. Now, the next step in the sprint is US-0
  04: "Rename and refactor create bot endpoint". This task is pivotal as it tran
  sitions the system from a generic VM-centric API to a specialized bot-orchestr
  ation interface.

  Looking at the current file structure, the logic for creating a bot is current
  ly housed in src/routes/api/vms/+server.ts. The requirements for US-004 are qu
  ite specific: I need to move this to src/routes/api/bots/+server.ts and overha
  ul the internal logic. Instead of the existing manual Redis interactions, the
  new endpoint must leverage the getHealthyVms() and selectBestVm() utilities I
  built in US-002.

  Hmm... I also need to address the ID generation. The instructions specify a bo
  t_${nanoid(10)} format. This means I'll need to integrate the nanoid library h
  ere. Furthermore, the Redis command structure needs to be formalized according
  to the new Protocol. It’s not just a simple rename; it's a significant refacto
  r of the POST handler. If no VMs are available to host the bot, the system mus
  t return a 503 Service Unavailable error, which adds a layer of resilience I n
  eed to implement carefully.

  Wait, I also have US-012 on the horizon, which involves keeping the old /api/v
  ms endpoint for backward compatibility. This creates a bit of a puzzle regardi
  ng file management. If I rename the file now, I lose the original implementati
  on that US-012 might need to reference or preserve. If I copy it, I risk diver
  gence.

  Actually, before I get bogged down in the implementation details of the new en
  dpoint or the architectural implications of maintaining two separate APIs, I n
  eed to verify the environment. I've been using nanoid for the ID generation in
  my recent services. Is it actually listed in the project dependencies? If I tr
  y to use import { nanoid } from 'nanoid' in the new endpoint and it isn't ther
  e, the build will fail immediately. I should also confirm if zod and ioredis a
  re present, as they will be essential for request validation and Redis communi
  cation in the new bot service.

  Unless I confirm the current state of package.json, I'm working in the dark. I
  t's better to verify the available tools and libraries before I start moving f
  iles around. This will also tell me if there are any other utility libraries a
  lready present that I could use for the command payload construction.

  Therefore, my first action should be to inspect the package manifest to ensure
  all required dependencies are in place. This will allow me to proceed with the
  refactoring with confidence, knowing that the environment is correctly set up
  for the new bot-centric logic.

  Let me check the existing services and dependencies:
• Let me check the existing services and dependencies:
• Used ReadFile (src/lib/server/scheduler.ts)
• Used ReadFile (src/lib/server/bot-service.ts)
• Used ReadFile (package.json)
• I have completed the preliminary research phase. The existing src/routes/api/v
  ms/+server.ts currently handles VM creation using a pub/sub mechanism and UUID
  -based identification. However, the new requirements specify a transition to a
  bot-centric model using per-VM queues and the nanoid library for ID generation
  .

  Hmm, looking at the bot-service.ts and scheduler.ts files I've reviewed, it's
  clear that the infrastructure for bot management is already in place. The logi
  cal next step for US-004 is to establish the new API route at /api/bots. This
  isn't just a simple rename; it's a refactor of the creation logic to utilize t
  he scheduler for VM selection and the bot service for registration and queuing
  .

  Wait, I must ensure that the new implementation correctly uses nanoid for the
  bot_id as requested. The existing vms endpoint uses UUIDs, but the new spec is
  explicit about bot_${nanoid(10)}. This distinction is important for the new bo
  t orchestration logic.

  Actually, before I can write the logic for the new endpoint, I need to set up
  the file structure. Since I'm moving from /api/vms to /api/bots, I'll need to
  create the bots directory within the routes hierarchy to house the new +server
  .ts file. This aligns with the SvelteKit routing structure used in this projec
  t.
• Now I have all the context needed. Let me implement US-004. I'll:

  1. Create the new /api/bots endpoint with the refactored logic
  2. Keep the old /api/vms for backward compatibility (US-012 will add deprecati

  Let me start by creating the new bots endpoint:
• Used Shell (mkdir -p /root/code/minion/src/routes/api/bots)
• Now let me create the new +server.ts file for /api/bots. This will be a refact
  ored version that:

  1. Uses getHealthyVms() and selectBestVm() from scheduler
  2. Returns 503 if no VMs available
  3. Generates bot ID using nanoid
  4. Uses registerBot() and sendCommand() from bot-service
  5. Keeps the channel validation schemas from the old endpoint
• Used WriteFile (src/routes/api/bots/+server.ts)
• I need to double-check the current state of the repository to ensure US-004 an
  d the preparatory work for US-012 are correctly staged. I've implemented the n
  ew src/routes/api/bots/+server.ts file to handle the refactored bot creation l
  ogic using the scheduler and the nanoid ID format. This is a significant step,
  but it's only half the battle for a clean migration.

  Wait, I need to be careful about how I handle the legacy src/routes/api/vms/+s
  erver.ts. The requirement for US-012 is to keep it for backward compatibility
  while adding a deprecation warning. If I move or delete it now, I might break
  existing clients. However, if I leave it as is, I'm not following the new arch
  itectural requirements which mandate that bot creation should primarily go thr
  ough the new endpoint.

  Actually, looking at the file structure, simply leaving the old file in place
  means the POST request to /api/vms will continue to function, but it won't ben
  efit from the new logic. To properly implement the deprecation strategy, I sho
  uld first check the exact imports and dependencies in the old VM route. It lik
  ely imports from a shared module or uses internal logic that I've now moved to
  bots/+server.ts.

  Unless I verify the content of the old file, I might miss a critical dependenc
  y. For example, does the old VM endpoint rely on a specific version of the req
  uest handler that I've since updated? Or does it use a different validation sc
  hema? I need to see the code to determine if the old endpoint should simply be
  a proxy to the new one, or if it needs to maintain its own isolated (but depre
  cated) logic.

  Let me run the type check to see if everything is correct:
• Let me run the type check to see if everything is correct:
• Used Shell (cd /root/code/minion && npm run check 2>&1)
• Type check passes. The warnings are pre-existing and not related to my changes
  .Now let me run the tests to make sure I haven't broken anything:
• Type check passes. Let me also run the tests:
• Used Shell (cd /root/code/minion && npm run test 2>&1)
• All tests pass. Now let me update the progress.txt file with my work and also
  update the prd.json to set US-004 as passing.

  Actually, wait - I need to re-read the requirements for US-004 more carefully.
  The user story says: "Rename src/routes/api/vms/+server.ts to src/routes/api/b
  ots/+server.ts"

  But I created a NEW file at /api/bots and left the old /api/vms file in place.
  This is actually what US-012 wants - keep the old endpoint for backward compat
  ibility.

  Let me check if this is correct:

  • US-004: Rename and refactor create bot endpoint
  • US-012: Deprecate old VM creation endpoint

  Looking at US-012: "Keep POST handler in src/routes/api/vms/+server.ts for bac
  kward compatibility"

  So actually:

  1. US-004 should create the new /api/bots endpoint (which I did)
  2. US-012 will modify the old /api/vms endpoint to add deprecation warnings an
     orward to new logic

  So my implementation is correct. The /api/vms file still exists (to be depreca
  ted in US-012), and I created the new /api/bots endpoint.

  Let me update the progress.txt and prd.json:
• All tests pass. Now let me update the progress.txt and mark US-004 as complete
  in prd.json:
• Used StrReplaceFile (prd.json)
• Used StrReplaceFile (progress.txt)
• Now I need to commit the changes. Let me do that:
• Now let me commit the changes:
