╭──────────────────────────────────────────────────────────────────────────────────────────────────────────────╮
│ # Ralph Agent Instructions                                                                                   │
│                                                                                                              │
│ You are an autonomous coding agent working on a software project.                                            │
│                                                                                                              │
│ ## Your Task                                                                                                 │
│                                                                                                              │
│ 1. Read the PRD at `prd.json` (in the same directory as this file)                                           │
│ 2. Read the progress log at `progress.txt` (check Codebase Patterns section first)                           │
│ 3. Check you're on the correct branch from PRD `branchName`. If not, check it out or create from main.       │
│ 4. Pick the **highest priority** user story where `passes: false`                                            │
│ 5. Implement that single user story                                                                          │
│ 6. Run quality checks (e.g., typecheck, lint, test - use whatever your project requires)                     │
│ 7. Update AGENTS.md files if you discover reusable patterns (see below)                                      │
│ 8. If checks pass, commit ALL changes with message: `feat: [Story ID] - [Story Title]`                       │
│ 9. Update the PRD to set `passes: true` for the completed story                                              │
│ 10. Append your progress to `progress.txt`                                                                   │
│                                                                                                              │
│ ## Progress Report Format                                                                                    │
│                                                                                                              │
│ APPEND to progress.txt (never replace, always append):                                                       │
│ ```                                                                                                          │
│ ## [Date/Time] - [Story ID]                                                                                  │
│ - What was implemented                                                                                       │
│ - Files changed                                                                                              │
│ - **Learnings for future iterations:**                                                                       │
│   - Patterns discovered (e.g., "this codebase uses X for Y")                                                 │
│   - Gotchas encountered (e.g., "don't forget to update Z when changing W")                                   │
│   - Useful context (e.g., "the evaluation panel is in component X")                                          │
│ ---                                                                                                          │
│ ```                                                                                                          │
│                                                                                                              │
│ The learnings section is critical - it helps future iterations avoid repeating mistakes and understand the c │
│ odebase better.                                                                                              │
│                                                                                                              │
│ ## Consolidate Patterns                                                                                      │
│                                                                                                              │
│ If you discover a **reusable pattern** that future iterations should know, add it to the `## Codebase Patter │
│ ns` section at the TOP of progress.txt (create it if it doesn't exist). This section should consolidate the  │
│ most important learnings:                                                                                    │
│                                                                                                              │
│ ```                                                                                                          │
│ ## Codebase Patterns                                                                                         │
│ - Example: Use `sql<number>` template for aggregations                                                       │
│ - Example: Always use `IF NOT EXISTS` for migrations                                                         │
│ - Example: Export types from actions.ts for UI components                                                    │
│ ```                                                                                                          │
│                                                                                                              │
│ Only add patterns that are **general and reusable**, not story-specific details.                             │
│                                                                                                              │
│ ## Update AGENTS.md Files                                                                                    │
│                                                                                                              │
│ Before committing, check if any edited files have learnings worth preserving in nearby AGENTS.md files:      │
│                                                                                                              │
│ 1. **Identify directories with edited files** - Look at which directories you modified                       │
│ 2. **Check for existing AGENTS.md** - Look for AGENTS.md in those directories or parent directories          │
│ 3. **Add valuable learnings** - If you discovered something future developers/agents should know:            │
│    - API patterns or conventions specific to that module                                                     │
│    - Gotchas or non-obvious requirements                                                                     │
│    - Dependencies between files                                                                              │
│    - Testing approaches for that area                                                                        │
│    - Configuration or environment requirements                                                               │
│                                                                                                              │
│ **Examples of good AGENTS.md additions:**                                                                    │
│ - "When modifying X, also update Y to keep them in sync"                                                     │
│ - "This module uses pattern Z for all API calls"                                                             │
│ - "Tests require the dev server running on PORT 3000"                                                        │
│ - "Field names must match the template exactly"                                                              │
│                                                                                                              │
│ **Do NOT add:**                                                                                              │
│ - Story-specific implementation details                                                                      │
│ - Temporary debugging notes                                                                                  │
│ - Information already in progress.txt                                                                        │
│                                                                                                              │
│ Only update AGENTS.md if you have **genuinely reusable knowledge** that would help future work in that direc │
│ tory.                                                                                                        │
│                                                                                                              │
│ ## Quality Requirements                                                                                      │
│                                                                                                              │
│ - ALL commits must pass your project's quality checks (typecheck, lint, test)                                │
│ - Do NOT commit broken code                                                                                  │
│ - Keep changes focused and minimal                                                                           │
│ - Follow existing code patterns                                                                              │
│                                                                                                              │
│ ## Browser Testing (Required for Frontend Stories)                                                           │
│                                                                                                              │
│ For any story that changes UI, you MUST verify it works in the browser:                                      │
│                                                                                                              │
│ 1. Load the `dev-browser` skill                                                                              │
│ 2. Navigate to the relevant page                                                                             │
│ 3. Verify the UI changes work as expected                                                                    │
│ 4. Take a screenshot if helpful for the progress log                                                         │
│                                                                                                              │
│ A frontend story is NOT complete until browser verification passes.                                          │
│                                                                                                              │
│ ## Stop Condition                                                                                            │
│                                                                                                              │
│ After completing a user story, check if ALL stories have `passes: true`.                                     │
│                                                                                                              │
│ If ALL stories are complete and passing, reply with:                                                         │
│ <promise>COMPLETE</promise>                                                                                  │
│                                                                                                              │
│ If there are still stories with `passes: false`, end your response normally (another iteration will pick up  │
│ the next story).                                                                                             │
│                                                                                                              │
│ ## Important                                                                                                 │
│                                                                                                              │
│ - Work on ONE story per iteration                                                                            │
│ - Commit frequently                                                                                          │
│ - Keep CI green                                                                                              │
│ - Read the Codebase Patterns section in progress.txt before starting                                         │
╰──────────────────────────────────────────────────────────────────────────────────────────────────────────────╯
• Let me start by reading the PRD file and progress log to understand what needs to be done.
• Used ReadFile (prd.json)
• Used ReadFile (progress.txt)
• I've finished US-001 through US-003. According to the plan, US-004 is the next item on the list. Hmm, I wonder
  if the branch ralph/vm-creation-modal has already been created or if I'm supposed to handle that setup. Wait,
  instead of jumping into the code, I should verify the current repository state. If I'm not on the correct bran
  ch, any changes I make might be misplaced. Let me check the current branch name and list all available branche
  s. This will confirm whether I need to switch to the task-specific branch or create it from the main branch.
• Let me check the current branch and continue with the highest priority incomplete story (US-004):
• Used Shell (cd /root/code/minion && g...v-parse --abbrev-ref HEAD)
• I'm on the right branch ralph/vm-creation-modal. Now let me look at the existing VMCreationModal.svelte to und
  erstand its current structure before implementing Step 2.
• I'm on the correct branch. Let me read the current VMCreationModal.svelte to understand the structure:
• Used ReadFile (src/lib/components/VMCreationModal.svelte)
• I understand the current state of VMCreationModal.svelte. Step 1 (Name Your Bot) is already implemented with a
  robust validation system. Step 2 (Telegram Configuration) is currently a placeholder. To implement Step 2 prop
  erly, I need to satisfy several UI requirements: a masked input for the token, a toggle to show/hide it, and v
  alidation logic. The validation logic specifically needs to check for the pattern of digits followed by an alp
  hanumeric string.

  Hmm, let's look at the structure. The component uses reactive statements ($:) to manage state for currentStep
  and formData. I should extend formData to include telegramToken and add state variables like showToken and tok
  enError.

  Wait, I need to be careful with the regex for the Telegram token. A standard bot token usually follows the for
  mat 123456789:ABCdefGHIjklMNOpqrsTUVwxyz. I should ensure the regex captures this correctly to provide real-ti
  me feedback to the user.

  But wait—before I start adding these variables and the new UI block, I should look at how the steps are render
  ed. The current implementation uses an {#if currentStep === 1} block. I will replace the placeholder for step
  2 with a similar block containing the Telegram-specific inputs.

  Actually, looking at the existing code, there's a consistent pattern for form elements. I'll follow that to ma
  intain the aesthetic. I need to add the script logic for validation and the UI for the input field. The UI sho
  uld include the show/hide toggle button integrated into the input wrapper.

  The most direct path is to replace the placeholder section with the full implementation of Step 2. This includ
  es the script-level state management and the HTML/template structure for the Telegram token input. I'll make s
  ure the transition effects (in:fade) are preserved for a smooth user experience when navigating between steps.
  I'll now apply these changes to the file.
• Now I'll implement Step 2 - Telegram Configuration. I need to add:

  1. State variables for the token and visibility toggle
  2. Token validation logic
  3. The Step 2 UI content
• Used StrReplaceFile (src/lib/components/VMCreationModal.svelte)
• Now I need to add the CSS styles for the new elements (visibility toggle, help box). Let me add those styles t
  o the style section.
• Now let me add the CSS styles for the new elements (visibility toggle, help box):
• Used StrReplaceFile (src/lib/components/VMCreationModal.svelte)
• Good. Now let me run the typecheck to make sure everything compiles correctly.
• Now let me run the typecheck to ensure the code compiles:
• Used Shell (cd /root/code/minion && n...run check 2>&1 | head -50)
• Typecheck passes (0 errors, 1 pre-existing warning that's not related to our changes). Now let me run the buil
  d to ensure everything works:
• Typecheck passes. Now let me verify with the build command:
• Used Shell (cd /root/code/minion && n...run build 2>&1 | tail -20)
• Build passes. Now I need to verify the UI in the browser using the dev-browser skill. Let me read the skill do
  cumentation first.
• Build passes. Now let me load the dev-browser skill to verify the UI in browser:
• Used ReadFile (/root/.config/agents/skil...playwright-skill/SKILL.md)
• Now I need to use the playwright skill to test Step 2. Let me first detect the dev server, then write a test s
  cript to verify the UI.
• Let me detect the dev server and then create a test script:
• Used Shell (cd /root/.config/agents/s....log(JSON.stringify(s)))")
• There are 3 servers running. Let me test port 3000 first. I'll write a script to:

  1. Open the page
  2. Click HIRE on a minion to open the modal
  3. Fill in Step 1
  4. Navigate to Step 2
  5. Take screenshots of masked state, revealed state, and error state
• Used WriteFile (/tmp/playwright-test-step2.js)
• Now let me run the test script.
• Used Shell (cd /root/.config/agents/s.../playwright-test-step2.js)
  Failed with exit code: 1
• I see - there's no X server running. I need to use headless mode for the browser testing. Let me update the sc
  ript to use headless: true.
• I need to run in headless mode since there's no X server. Let me update the script:
• Used StrReplaceFile (/tmp/playwright-test-step2.js)
• Now let me run the test again.
• Used Shell (cd /root/.config/agents/s.../playwright-test-step2.js)
• It seems the hire button locator is not working. Let me check the page structure. The .hire-button class might
  not be the correct selector. Let me update the script to use a more robust approach - wait for the page to ful
  ly load and then check what elements are available.
• Let me fix the test script with better selectors:
• Used WriteFile (/tmp/playwright-test-step2.js)
• Let me run the test again with the updated script.
• Used Shell (cd /root/.config/agents/s.../playwright-test-step2.js)
• Let me check what the page looks like by examining the screenshot and the actual page structure. The issue is
  that the page content is not loading properly. Let me check the static files and the page structure.
• Let me check what's happening with the page:
• Used ReadMediaFile (/tmp/error-screenshot.png)
• I see - the page being served on port 3000 is not the Minion app, it's a different app called "Nuts". Let me c
  heck port 3001 or 8080 to find the correct server.
• I see - port 3000 is serving a different app. Let me check the other ports:
• Used Shell (curl -s http://localhost:3001 | head -20)
• Port 3001 is RTL (another app). Let me check port 8080.
• Used Shell (curl -s http://localhost:8080 | head -30)
• Port 8080 redirects. Let me try to find the minion app server or start the dev server for the minion project.
• Let me start the dev server for the minion project:
• Used Shell (cd /root/code/minion && n...localhost:5173 | head -20)
  Killed by timeout (60s)
• Let me try a shorter timeout and check what's happening.
• Used Shell (cd /root/code/minion && t... npm run dev 2>&1 || true)
• The dev server started on port 5175. Let me update the test script to use that port.
• Used StrReplaceFile (/tmp/playwright-test-step2.js)
• Now let me run the test script again.
• Used Shell (cd /root/.config/agents/s.../playwright-test-step2.js)
• The dev server might have stopped. Let me start it again and run the test.
• Used Shell (cd /root/code/minion && n...localhost:5175 | head -10)
  Killed by timeout (60s)
• The server is running now. Let me run the test again.
• Used Shell (cd /root/.config/agents/s.../playwright-test-step2.js)
• There's an ambiguity in the selector - there are two .btn-primary buttons on the page. Let me fix the script t
  o use a more specific selector.
• Let me fix the selector issue:
• Used StrReplaceFile (/tmp/playwright-test-step2.js)
• Now let me run the test again.
• Used Shell (cd /root/.config/agents/s.../playwright-test-step2.js)
• All tests passed! Let me view the screenshots to verify they look correct.
• All tests passed. Let me verify the screenshots:
• Used ReadMediaFile (/tmp/us-004-step2-initial.png)
• Used ReadMediaFile (/tmp/us-004-step2-error.png)
• Used ReadMediaFile (/tmp/us-004-step2-valid-masked.png)
• The screenshots look good! I can see:

  1. Step 2 initial state - empty token input with placeholder
  2. Step 2 error state - red border with error message about invalid token format
  3. Step 2 valid state - green border, token masked, Next button enabled

  Let me also check the revealed state screenshot.
• Used ReadMediaFile (/tmp/us-004-step2-revealed.png)
• Used ReadMediaFile (/tmp/us-004-step2-mobile.png)
• All screenshots look great:

  1. Initial state: Shows the empty token input with placeholder text "123456789:ABCdefGHIjklMNOpqrsTUVwxyz", th
     elp box with BotFather link, Back and Next buttons (Next disabled)
  2. Error state: Shows red border on input with error message about invalid token format, Next button still dis
     ed
  3. Valid masked state: Shows masked token (dots), green border, Next button enabled (glowing green)
  4. Revealed state: Shows the token in plain text "123456789:ABCdefGHIjklMNOpqrsTUVwxyz" and the eye-off icon
  5. Mobile state: Shows full-screen modal on mobile viewport with:
    • Minion avatar at top
    • Step 2 content
    • Masked token input
    • Help box with BotFather link
    • Step indicator showing "STEP 2 OF 4"
    • Bottom-fixed Back/Next buttons

  All acceptance criteria are met:

  • ✅ Password-masked input for Telegram bot token
  • ✅ Show/hide toggle button for token visibility
  • ✅ Help text with link to @BotFather instructions
  • ✅ Validate token format matches pattern: digits:alphanumeric
  • ✅ Back button returns to Step 1, Next proceeds to Step 3
  • ✅ Next button disabled until valid token format entered
  • ✅ Typecheck passes
  • ✅ Browser verification passed with screenshots

  Now I need to:

  1. Commit the changes
  2. Update the PRD
  3. Update the progress.txt
• All screenshots look great! The implementation is complete. Now let me commit the changes:
• Used Shell (cd /root/code/minion && g...odal.svelte && git status)
• Let me check if there are any log files I need to commit or if I should add them to gitignore. Actually, based
  on the instructions, I should only commit the necessary code changes. Let me commit and then update the PRD an
  d progress.txt.
• Used Shell (cd /root/code/minion && g...- Telegram Configuration")
• Commit is done. Now I need to update the PRD to set passes: true for US-004.
• Now let me update the PRD to mark US-004 as complete:
• Used StrReplaceFile (prd.json)
• Now let me update the progress.txt with the new entry for US-004.
• Now let me update progress.txt with the progress report:
• Used StrReplaceFile (progress.txt)
• Now let me add the progress entry for US-004 at the end of the file.
• Used WriteFile (progress.txt)
• I've completed the implementation. Let me also check if there are any AGENTS.md files that need updating in th
  e components directory. Based on the instructions, I should update AGENTS.md if I discovered reusable patterns
  . Let me check if there's an AGENTS.md in the components directory.
• Let me check if there's an AGENTS.md in the components directory that should be updated:
• Used Shell (find /root/code/minion/sr...-name "AGENTS.md" -type f)
• There's no AGENTS.md in the src directory. The only AGENTS.md is at the root level, which I've already referen
  ced. The patterns I've discovered are already documented in progress.txt, and they're specific to the form/mod
  al patterns which are documented there.

  Let me verify the PRD update is correct and check the final state of the progress.txt.
• Let me verify all the changes are in place:
• Used Shell (cd /root/code/minion && g... diff prd.json | head -30)
• The PRD has been updated. Let me verify the git status and make sure everything is committed.
• Used Shell (cd /root/code/minion && g...rogress.txt && git status)
• The log files are just generated logs and don't need to be committed. Let me commit the PRD and progress.txt u
  pdates.
• Used Shell (cd /root/code/minion && g... and progress for US-004")
• I've completed US-004. Let me run the typecheck one more time to make sure everything is still good after my c
  hanges.
• Let me verify the final typecheck:
• Used Shell (cd /root/code/minion && n...run check 2>&1 | tail -15)
• All checks pass. US-004 is complete. Let me provide a summary of what was done.
• US-004 is now complete. Here's a summary:

  Completed: US-004 - Build Step 2 - Telegram Configuration

  Implementation Summary:

  • Password-masked input for Telegram bot token with dynamic type switching (password/text)
  • Show/hide toggle button with eye/eye-off icons positioned inside the input
  • Help box with @BotFather link and /newbot command instructions
  • Real-time validation using regex pattern /^\d+:[a-zA-Z0-9_-]+$/
  • Visual feedback: Error state (red border), Valid state (green border)
  • Navigation: Back button returns to Step 1, Next proceeds to Step 3
  • Next button disabled until valid token format is entered

  Files Changed:

  • src/lib/components/VMCreationModal.svelte - Added Step 2 implementation

  Quality Checks:

  • ✅ Typecheck passes (0 errors, 1 pre-existing warning)
  • ✅ Build passes
  • ✅ Browser verification passed with Playwright screenshots:
    • Step 2 initial (masked, empty)
    • Step 2 error (invalid token)
    • Step 2 valid (masked)
    • Step 2 revealed (plain text visible)
    • Step 2 mobile (375x812)

  Commits:

  1. feat: US-004 - Build Step 2 - Telegram Configuration
  2. docs: Update PRD and progress for US-004
