╭──────────────────────────────────────────────────────────────────────────────────────────────────────────────╮
│ # Ralph Agent Instructions                                                                                   │
│                                                                                                              │
│ You are an autonomous coding agent working on a software project.                                            │
│                                                                                                              │
│ ## Your Task                                                                                                 │
│                                                                                                              │
│ 1. Read the PRD at `prd.json` (in the same directory as this file)                                           │
│ 2. Read the progress log at `progress.txt` (check Codebase Patterns section first)                           │
│ 3. Check you're on the correct branch from PRD `branchName`. If not, check it out or create from main.       │
│ 4. Pick the **highest priority** user story where `passes: false`                                            │
│ 5. Implement that single user story                                                                          │
│ 6. Run quality checks (e.g., typecheck, lint, test - use whatever your project requires)                     │
│ 7. Update AGENTS.md files if you discover reusable patterns (see below)                                      │
│ 8. If checks pass, commit ALL changes with message: `feat: [Story ID] - [Story Title]`                       │
│ 9. Update the PRD to set `passes: true` for the completed story                                              │
│ 10. Append your progress to `progress.txt`                                                                   │
│                                                                                                              │
│ ## Progress Report Format                                                                                    │
│                                                                                                              │
│ APPEND to progress.txt (never replace, always append):                                                       │
│ ```                                                                                                          │
│ ## [Date/Time] - [Story ID]                                                                                  │
│ - What was implemented                                                                                       │
│ - Files changed                                                                                              │
│ - **Learnings for future iterations:**                                                                       │
│   - Patterns discovered (e.g., "this codebase uses X for Y")                                                 │
│   - Gotchas encountered (e.g., "don't forget to update Z when changing W")                                   │
│   - Useful context (e.g., "the evaluation panel is in component X")                                          │
│ ---                                                                                                          │
│ ```                                                                                                          │
│                                                                                                              │
│ The learnings section is critical - it helps future iterations avoid repeating mistakes and understand the c │
│ odebase better.                                                                                              │
│                                                                                                              │
│ ## Consolidate Patterns                                                                                      │
│                                                                                                              │
│ If you discover a **reusable pattern** that future iterations should know, add it to the `## Codebase Patter │
│ ns` section at the TOP of progress.txt (create it if it doesn't exist). This section should consolidate the  │
│ most important learnings:                                                                                    │
│                                                                                                              │
│ ```                                                                                                          │
│ ## Codebase Patterns                                                                                         │
│ - Example: Use `sql<number>` template for aggregations                                                       │
│ - Example: Always use `IF NOT EXISTS` for migrations                                                         │
│ - Example: Export types from actions.ts for UI components                                                    │
│ ```                                                                                                          │
│                                                                                                              │
│ Only add patterns that are **general and reusable**, not story-specific details.                             │
│                                                                                                              │
│ ## Update AGENTS.md Files                                                                                    │
│                                                                                                              │
│ Before committing, check if any edited files have learnings worth preserving in nearby AGENTS.md files:      │
│                                                                                                              │
│ 1. **Identify directories with edited files** - Look at which directories you modified                       │
│ 2. **Check for existing AGENTS.md** - Look for AGENTS.md in those directories or parent directories          │
│ 3. **Add valuable learnings** - If you discovered something future developers/agents should know:            │
│    - API patterns or conventions specific to that module                                                     │
│    - Gotchas or non-obvious requirements                                                                     │
│    - Dependencies between files                                                                              │
│    - Testing approaches for that area                                                                        │
│    - Configuration or environment requirements                                                               │
│                                                                                                              │
│ **Examples of good AGENTS.md additions:**                                                                    │
│ - "When modifying X, also update Y to keep them in sync"                                                     │
│ - "This module uses pattern Z for all API calls"                                                             │
│ - "Tests require the dev server running on PORT 3000"                                                        │
│ - "Field names must match the template exactly"                                                              │
│                                                                                                              │
│ **Do NOT add:**                                                                                              │
│ - Story-specific implementation details                                                                      │
│ - Temporary debugging notes                                                                                  │
│ - Information already in progress.txt                                                                        │
│                                                                                                              │
│ Only update AGENTS.md if you have **genuinely reusable knowledge** that would help future work in that direc │
│ tory.                                                                                                        │
│                                                                                                              │
│ ## Quality Requirements                                                                                      │
│                                                                                                              │
│ - ALL commits must pass your project's quality checks (typecheck, lint, test)                                │
│ - Do NOT commit broken code                                                                                  │
│ - Keep changes focused and minimal                                                                           │
│ - Follow existing code patterns                                                                              │
│                                                                                                              │
│ ## Browser Testing (Required for Frontend Stories)                                                           │
│                                                                                                              │
│ For any story that changes UI, you MUST verify it works in the browser:                                      │
│                                                                                                              │
│ 1. Load the `dev-browser` skill                                                                              │
│ 2. Navigate to the relevant page                                                                             │
│ 3. Verify the UI changes work as expected                                                                    │
│ 4. Take a screenshot if helpful for the progress log                                                         │
│                                                                                                              │
│ A frontend story is NOT complete until browser verification passes.                                          │
│                                                                                                              │
│ ## Stop Condition                                                                                            │
│                                                                                                              │
│ After completing a user story, check if ALL stories have `passes: true`.                                     │
│                                                                                                              │
│ If ALL stories are complete and passing, reply with:                                                         │
│ <promise>COMPLETE</promise>                                                                                  │
│                                                                                                              │
│ If there are still stories with `passes: false`, end your response normally (another iteration will pick up  │
│ the next story).                                                                                             │
│                                                                                                              │
│ ## Important                                                                                                 │
│                                                                                                              │
│ - Work on ONE story per iteration                                                                            │
│ - Commit frequently                                                                                          │
│ - Keep CI green                                                                                              │
│ - Read the Codebase Patterns section in progress.txt before starting                                         │
╰──────────────────────────────────────────────────────────────────────────────────────────────────────────────╯
• Let me start by reading the PRD and progress log to understand the current state of the project and what needs
  to be implemented.
• Used ReadFile (prd.json)
• Used ReadFile (progress.txt)
• Looking at the PRD, I can see that:

  • US-001 through US-004 have passes: true
  • US-005 has passes: false and is the highest priority story that needs to be implemented

  US-005 is "Build Step 3 - Security Passcode" which requires:

  • Input for passcode with 4-20 character limit
  • Show/hide toggle for passcode visibility
  • Dice icon button to generate random 8-character passcode
  • Explanatory text: 'Users must message this passcode to the bot before accessing it'
  • Back button returns to Step 2, Next proceeds to Step 4
  • Next button disabled until valid passcode length entered

  Let me first check the current branch and the existing VMCreationModal component to understand its current sta
  te.
• Let me check the current branch and read the existing modal component to understand the current state.
• Used Shell (cat .last-branch 2>/dev/n...git branch --show-current)
• Used ReadFile (src/lib/components/VMCreationModal.svelte)
• Let me read the rest of the file to see the remaining styles.
• Used ReadFile (src/lib/components/VMCreationModal.svelte)
• I've reviewed the PRD and the current state of VMCreationModal.svelte. It's clear that while the foundational
  logic for passcodes is present, the specific implementation details required by US-005 haven't been fully addr
  essed.

  Specifically, the acceptance criteria call for a passcode field with a 4-20 character limit, a dice icon for r
  andom generation, and specific explanatory text: 'Users must message this passcode to the bot before accessing
  it'.

  Hmm, looking at the code, the validatePasscode logic uses the correct min/max constants, but the generateRando
  mPasscode function is hardcoded to exactly 8 characters. While 8 falls within the 4-20 range, the requirement
  says "generate random 8-character passcode," which matches the button's purpose, but I should ensure the valid
  ation logic allows for this specific generation to pass seamlessly.

  Wait, I see a <span class="help-text"> that mentions "Click the dice icon to generate a random passcode," but
  I need to find the exact location of the security explanation text to see if it matches the PRD's specific wor
  ding. If the text is missing or different, I'll need to update it.

  Actually, before I make any changes, I need to check the current status of the codebase. Since I'm on the ralp
  h/vm-creation-modal branch, I should see what's been done recently to avoid any merge conflicts or redundant w
  ork. A quick look at the git log will provide the necessary context on the recent commits and the branch's his
  tory. This will help me confirm if I'm working on the latest version of the component.

  I will start by checking the recent commit history.
• Looking at the code, I can see that Step 3 (Security Passcode) has already been implemented in the VMCreationM
  odal.svelte component! Let me verify that all the acceptance criteria from US-005 are met:

  1. ✅ Input for passcode with 4-20 character limit (lines 443, 56-57)
  2. ✅ Show/hide toggle for passcode visibility (lines 149-151, 449-465)
  3. ✅ Dice icon button to generate random 8-character passcode (lines 153-161, 466-481)
  4. ✅ Explanatory text: 'Users must message this passcode to the bot before accessing it' (line 503)
  5. ✅ Back button returns to Step 2, Next proceeds to Step 4 (footer buttons)
  6. ✅ Next button disabled until valid passcode length entered (line 560)

  The implementation is complete. Let me run the typecheck and then verify it in the browser.
• Used Shell (cd /root/code/minion && n...run check 2>&1 | head -50)
• Used Shell (cd /root/code/minion && git log --oneline -5)
• I see that US-005's code is already implemented in the VMCreationModal.svelte file. The code was likely added
  as part of US-004 or earlier. But the PRD says US-005 has passes: false. Let me verify the implementation is w
  orking correctly by checking it in the browser, then I'll update the PRD.

  Let me read the playwright skill to verify the implementation in the browser.
• Typecheck passes with only 1 pre-existing warning (not related to our code). Let me verify the Step 3 implemen
  tation in the browser using the playwright skill.
• Used ReadFile (/root/.config/agents/skil...playwright-skill/SKILL.md)
• Now let me write a Playwright script to verify the Step 3 implementation in the browser. First, I need to dete
  ct the dev server.
• Let me detect the dev server and then test Step 3 in the browser.
• Used Shell (cd /root/.config/agents/s...SON.stringify(servers)))")
• I see there are multiple servers running. Let me check which one is the SvelteKit dev server by testing port 3
  000 first (which is the default for Vite/SvelteKit).
• Let me create a Playwright test script to verify Step 3 implementation.
• Used WriteFile (/tmp/playwright-test-us-005.js)
• Now let me run the test script.
• Used Shell (cd /root/.config/agents/s...playwright-test-us-005.js)
  Failed with exit code: 1
• I need to use headless mode since there's no display available. Let me modify the script to use headless: true
  .
• I need to use headless mode. Let me update the script.
• Used StrReplaceFile (/tmp/playwright-test-us-005.js)
• Now let me run the test script again.
• Used Shell (cd /root/.config/agents/s...playwright-test-us-005.js)
Interrupted by user
