╭──────────────────────────────────────────────────────────────────────────────╮
│ # Ralph Agent Instructions                                                   │
│                                                                              │
│ You are an autonomous coding agent working on a software project.            │
│                                                                              │
│ ## 🛡️ CRITICAL SAFETY RULES - NEVER VIOLATE                                   │
│                                                                              │
│ ### System Resource Protection                                               │
│ The following actions are **STRICTLY PROHIBITED** and will cause harm to the │
│ host system:                                                                 │
│                                                                              │
│ **Docker/Container Management:**                                             │
│ - **NEVER** run `docker stop` without an explicit container name or ID       │
│ - **NEVER** use `docker stop $(docker ps -q)` or any pattern that stops mult │
│ iple/all containers                                                          │
│ - **NEVER** run `docker rm -f $(docker ps -aq)` or similar mass-removal comm │
│ ands                                                                         │
│ - **ALWAYS** verify container names with `docker ps --filter name=<pattern>` │
│ before stopping                                                              │
│ - **ONLY** stop containers that were explicitly created by this session      │
│ - **ONLY** stop containers using their explicit name: `docker stop <exact-co │
│ ntainer-name>`                                                               │
│                                                                              │
│ **Process Management:**                                                      │
│ - **NEVER** run `killall`, `pkill`, or similar commands without specific pro │
│ cess names                                                                   │
│ - **NEVER** use `kill -9` on system processes or processes you didn't start  │
│ - **ONLY** terminate processes you explicitly started in this session        │
│                                                                              │
│ **Port/Network Conflicts:**                                                  │
│ - If a port is in use, **USE A DIFFERENT PORT** instead of killing the proce │
│ ss using it                                                                  │
│ - Check what's running on a port with `lsof -i :<port>` or `ss -tlnp | grep  │
│ <port>`                                                                      │
│ - Prefer random/high ports (e.g., `docker run -p 0:8080`) to avoid conflicts │
│                                                                              │
│ **General Safety:**                                                          │
│ - **NEVER** run commands that affect system-wide state unless explicitly req │
│ uired by the PRD                                                             │
│ - **NEVER** use wildcards or glob patterns with destructive commands (`rm`,  │
│ `kill`, `stop`)                                                              │
│ - When in doubt, be explicit and specific with resource names                │
│                                                                              │
│ ---                                                                          │
│                                                                              │
│ ## Your Task                                                                 │
│                                                                              │
│ 1. Read the PRD at `prd.json` (in the same directory as this file)           │
│ 2. Read the progress log at `progress.txt` (check Codebase Patterns section  │
│ first)                                                                       │
│ 3. Check you're on the correct branch from PRD `branchName`. If not, check i │
│ t out or create from main.                                                   │
│ 4. Pick the **highest priority** user story where `passes: false`            │
│ 5. Implement that single user story                                          │
│ 6. Run quality checks (e.g., typecheck, lint, test - use whatever your proje │
│ ct requires)                                                                 │
│ 7. Update AGENTS.md files if you discover reusable patterns (see below)      │
│ 8. If checks pass, commit ALL changes with message: `feat: [Story ID] - [Sto │
│ ry Title]`                                                                   │
│ 9. Update the PRD to set `passes: true` for the completed story              │
│ 10. Append your progress to `progress.txt`                                   │
│                                                                              │
│ ## Progress Report Format                                                    │
│                                                                              │
│ APPEND to progress.txt (never replace, always append):                       │
│ ```                                                                          │
│ ## [Date/Time] - [Story ID]                                                  │
│ - What was implemented                                                       │
│ - Files changed                                                              │
│ - **Learnings for future iterations:**                                       │
│   - Patterns discovered (e.g., "this codebase uses X for Y")                 │
│   - Gotchas encountered (e.g., "don't forget to update Z when changing W")   │
│   - Useful context (e.g., "the evaluation panel is in component X")          │
│ ---                                                                          │
│ ```                                                                          │
│                                                                              │
│ The learnings section is critical - it helps future iterations avoid repeati │
│ ng mistakes and understand the codebase better.                              │
│                                                                              │
│ ## Consolidate Patterns                                                      │
│                                                                              │
│ If you discover a **reusable pattern** that future iterations should know, a │
│ dd it to the `## Codebase Patterns` section at the TOP of progress.txt (crea │
│ te it if it doesn't exist). This section should consolidate the most importa │
│ nt learnings:                                                                │
│                                                                              │
│ ```                                                                          │
│ ## Codebase Patterns                                                         │
│ - Example: Use `sql<number>` template for aggregations                       │
│ - Example: Always use `IF NOT EXISTS` for migrations                         │
│ - Example: Export types from actions.ts for UI components                    │
│ ```                                                                          │
│                                                                              │
│ Only add patterns that are **general and reusable**, not story-specific deta │
│ ils.                                                                         │
│                                                                              │
│ ## Update AGENTS.md Files                                                    │
│                                                                              │
│ Before committing, check if any edited files have learnings worth preserving │
│ in nearby AGENTS.md files:                                                   │
│                                                                              │
│ 1. **Identify directories with edited files** - Look at which directories yo │
│ u modified                                                                   │
│ 2. **Check for existing AGENTS.md** - Look for AGENTS.md in those directorie │
│ s or parent directories                                                      │
│ 3. **Add valuable learnings** - If you discovered something future developer │
│ s/agents should know:                                                        │
│    - API patterns or conventions specific to that module                     │
│    - Gotchas or non-obvious requirements                                     │
│    - Dependencies between files                                              │
│    - Testing approaches for that area                                        │
│    - Configuration or environment requirements                               │
│                                                                              │
│ **Examples of good AGENTS.md additions:**                                    │
│ - "When modifying X, also update Y to keep them in sync"                     │
│ - "This module uses pattern Z for all API calls"                             │
│ - "Tests require the dev server running on PORT 3000"                        │
│ - "Field names must match the template exactly"                              │
│                                                                              │
│ **Do NOT add:**                                                              │
│ - Story-specific implementation details                                      │
│ - Temporary debugging notes                                                  │
│ - Information already in progress.txt                                        │
│                                                                              │
│ Only update AGENTS.md if you have **genuinely reusable knowledge** that woul │
│ d help future work in that directory.                                        │
│                                                                              │
│ ## Quality Requirements                                                      │
│                                                                              │
│ - ALL commits must pass your project's quality checks (typecheck, lint, test │
│ )                                                                            │
│ - Do NOT commit broken code                                                  │
│ - Keep changes focused and minimal                                           │
│ - Follow existing code patterns                                              │
│                                                                              │
│ ## Browser Testing (Required for Frontend Stories)                           │
│                                                                              │
│ For any story that changes UI, you MUST verify it works in the browser:      │
│                                                                              │
│ 1. Load the `dev-browser` skill                                              │
│ 2. Navigate to the relevant page                                             │
│ 3. Verify the UI changes work as expected                                    │
│ 4. Take a screenshot if helpful for the progress log                         │
│                                                                              │
│ A frontend story is NOT complete until browser verification passes.          │
│                                                                              │
│ ## Stop Condition                                                            │
│                                                                              │
│ After completing a user story, check if ALL stories have `passes: true`.     │
│                                                                              │
│ If ALL stories are complete and passing, reply with:                         │
│ <promise>COMPLETE</promise>                                                  │
│                                                                              │
│ If there are still stories with `passes: false`, end your response normally  │
│ (another iteration will pick up the next story).                             │
│                                                                              │
│ ## Important                                                                 │
│                                                                              │
│ - Work on ONE story per iteration                                            │
│ - Commit frequently                                                          │
│ - Keep CI green                                                              │
│ - Read the Codebase Patterns section in progress.txt before starting         │
╰──────────────────────────────────────────────────────────────────────────────╯
• Let me start by reading the PRD file and the progress log to understand what n
  eeds to be done.

  1. First, I'll read prd.json to understand the user stories
  2. Then read progress.txt to check the Codebase Patterns section
  3. Check which branch I should be on
  4. Pick the highest priority story with passes: false
  5. Implement it

  Let me start by reading the necessary files.
• I'll start by reading the PRD and progress log to understand what needs to be
  implemented.
• Used ReadFile (prd.json)
• Used ReadFile (progress.txt)
• Used Shell (cd /root/code/minion && git branch --show-current)
• I've reviewed the PRD and progress logs to see what's left. The branch ralph/b
  ot-orchestration-api is active. I've finished US-001 through US-009, as indica
  ted by the logs. Now, looking at the PRD, US-010 (Add POST /api/bots/[id]/cred
  its) is the highest priority item marked as 'passes: false'.

  This task involves implementing a new POST endpoint for managing credits. To d
  o this correctly, I need to understand how the current bot service handles dat
  a. I'll need to examine src/lib/server/bot-service.ts to see how bot-specific
  attributes are managed.

  Wait, I should also check if there are existing patterns for service-level fun
  ctions. src/lib/server/scheduler.ts might offer some insights into how the bac
  kend logic is structured, even if it's for a different domain. It's better to
  be consistent with existing service patterns.

  I'll start by getting a view of the file structure in the server library. Then
  , I'll dive into the bot-service and scheduler code to prepare for the impleme
  ntation of the credits logic.
• I'm on the correct branch ralph/bot-orchestration-api. Looking at the PRD, I c
  an see that stories US-001 through US-009 are complete (passes: true), and the
  highest priority remaining story is US-010 - Add POST /api/bots/[id]/credits e
  ndpoint.

  Let me first explore the existing code to understand the patterns:
• Used ReadFile (src/lib/server/bot-service.ts)
• Used ReadFile (src/lib/server/scheduler.ts)
• Used Glob (src/routes/api/bots/**/*)
• I can see the existing bot-service already has:

  • CREDIT_ADD command type defined in BotCommandType
  • amount field in BotCommand interface

  Now I need to create the credits endpoint. Let me also look at the existing st
  op/start/delete endpoints for reference:
• Let me look at one of the existing endpoints (stop) as a reference pattern:
• Used ReadFile (src/routes/api/bots/[id]/stop/+server.ts)
• Used ReadFile (src/routes/api/bots/[id]/+server.ts)
• Now I understand the pattern. Let me create the credits endpoint. According to
  the acceptance criteria:

  1. Create src/routes/api/bots/[id]/credits/+server.ts
  2. Add POST handler that extracts id from params
  3. Validate request body: { amount: number }, amount must be positive integer
  4. Get bot from Redis using getBot(), return 404 if not found
  5. Send CREDIT_ADD command to VM queue using sendCommand() with amount
  6. Typecheck passes

  Let me create this file:
• Now I understand the pattern. Let me create the credits endpoint. First, let m
  e create the directory structure and file:
• Used Shell (mkdir -p /root/code/minio...tes/api/bots/[id]/credits)
• Now let me create the credits endpoint file following the existing patterns:
• Now let me create the credits endpoint:
• Used WriteFile (src/routes/api/bots/[id]/credits/+server.ts)
• Now let me run typecheck to ensure the code passes:
• Now let me run the typecheck to ensure everything passes:
• Used Shell (cd /root/code/minion && npm run check 2>&1)
• Typecheck passes (0 errors). The warnings are pre-existing and not related to
  my changes.

  Now let me update the AGENTS.md if necessary and update the progress.txt. Look
  ing at the code, I see that:

  1. The bot-service already has CREDIT_ADD command type and amount field
  2. The pattern is consistent with other endpoints

  I should:

  1. Update progress.txt with learnings
  2. Update prd.json to mark US-010 as passing
  3. Commit the changes

  Let me also check if there's anything to add to AGENTS.md. The pattern is alre
  ady well-documented, so I don't think there's anything new to add there.
• Typecheck passes with 0 errors. Now let me update the progress.txt and prd.jso
  n:
• Used Shell (cat >> /root/code/minion/... for confirmation --- EOF)
• Now let me update the prd.json to mark US-010 as passing:
• Used StrReplaceFile (prd.json)
• Now let me commit the changes:
• Now let me commit the changes:
