╭──────────────────────────────────────────────────────────────────────────────╮
│ # Ralph Agent Instructions                                                   │
│                                                                              │
│ You are an autonomous coding agent working on a software project.            │
│                                                                              │
│ ## 🛡️ CRITICAL SAFETY RULES - NEVER VIOLATE                                   │
│                                                                              │
│ ### System Resource Protection                                               │
│ The following actions are **STRICTLY PROHIBITED** and will cause harm to the │
│ host system:                                                                 │
│                                                                              │
│ **Docker/Container Management:**                                             │
│ - **NEVER** run `docker stop` without an explicit container name or ID       │
│ - **NEVER** use `docker stop $(docker ps -q)` or any pattern that stops mult │
│ iple/all containers                                                          │
│ - **NEVER** run `docker rm -f $(docker ps -aq)` or similar mass-removal comm │
│ ands                                                                         │
│ - **ALWAYS** verify container names with `docker ps --filter name=<pattern>` │
│ before stopping                                                              │
│ - **ONLY** stop containers that were explicitly created by this session      │
│ - **ONLY** stop containers using their explicit name: `docker stop <exact-co │
│ ntainer-name>`                                                               │
│                                                                              │
│ **Process Management:**                                                      │
│ - **NEVER** run `killall`, `pkill`, or similar commands without specific pro │
│ cess names                                                                   │
│ - **NEVER** use `kill -9` on system processes or processes you didn't start  │
│ - **ONLY** terminate processes you explicitly started in this session        │
│                                                                              │
│ **Port/Network Conflicts:**                                                  │
│ - If a port is in use, **USE A DIFFERENT PORT** instead of killing the proce │
│ ss using it                                                                  │
│ - Check what's running on a port with `lsof -i :<port>` or `ss -tlnp | grep  │
│ <port>`                                                                      │
│ - Prefer random/high ports (e.g., `docker run -p 0:8080`) to avoid conflicts │
│                                                                              │
│ **General Safety:**                                                          │
│ - **NEVER** run commands that affect system-wide state unless explicitly req │
│ uired by the PRD                                                             │
│ - **NEVER** use wildcards or glob patterns with destructive commands (`rm`,  │
│ `kill`, `stop`)                                                              │
│ - When in doubt, be explicit and specific with resource names                │
│                                                                              │
│ ---                                                                          │
│                                                                              │
│ ## Your Task                                                                 │
│                                                                              │
│ 1. Read the PRD at `prd.json` (in the same directory as this file)           │
│ 2. Read the progress log at `progress.txt` (check Codebase Patterns section  │
│ first)                                                                       │
│ 3. Check you're on the correct branch from PRD `branchName`. If not, check i │
│ t out or create from main.                                                   │
│ 4. Pick the **highest priority** user story where `passes: false`            │
│ 5. Implement that single user story                                          │
│ 6. Run quality checks (e.g., typecheck, lint, test - use whatever your proje │
│ ct requires)                                                                 │
│ 7. Update AGENTS.md files if you discover reusable patterns (see below)      │
│ 8. If checks pass, commit ALL changes with message: `feat: [Story ID] - [Sto │
│ ry Title]`                                                                   │
│ 9. Update the PRD to set `passes: true` for the completed story              │
│ 10. Append your progress to `progress.txt`                                   │
│                                                                              │
│ ## Progress Report Format                                                    │
│                                                                              │
│ APPEND to progress.txt (never replace, always append):                       │
│ ```                                                                          │
│ ## [Date/Time] - [Story ID]                                                  │
│ - What was implemented                                                       │
│ - Files changed                                                              │
│ - **Learnings for future iterations:**                                       │
│   - Patterns discovered (e.g., "this codebase uses X for Y")                 │
│   - Gotchas encountered (e.g., "don't forget to update Z when changing W")   │
│   - Useful context (e.g., "the evaluation panel is in component X")          │
│ ---                                                                          │
│ ```                                                                          │
│                                                                              │
│ The learnings section is critical - it helps future iterations avoid repeati │
│ ng mistakes and understand the codebase better.                              │
│                                                                              │
│ ## Consolidate Patterns                                                      │
│                                                                              │
│ If you discover a **reusable pattern** that future iterations should know, a │
│ dd it to the `## Codebase Patterns` section at the TOP of progress.txt (crea │
│ te it if it doesn't exist). This section should consolidate the most importa │
│ nt learnings:                                                                │
│                                                                              │
│ ```                                                                          │
│ ## Codebase Patterns                                                         │
│ - Example: Use `sql<number>` template for aggregations                       │
│ - Example: Always use `IF NOT EXISTS` for migrations                         │
│ - Example: Export types from actions.ts for UI components                    │
│ ```                                                                          │
│                                                                              │
│ Only add patterns that are **general and reusable**, not story-specific deta │
│ ils.                                                                         │
│                                                                              │
│ ## Update AGENTS.md Files                                                    │
│                                                                              │
│ Before committing, check if any edited files have learnings worth preserving │
│ in nearby AGENTS.md files:                                                   │
│                                                                              │
│ 1. **Identify directories with edited files** - Look at which directories yo │
│ u modified                                                                   │
│ 2. **Check for existing AGENTS.md** - Look for AGENTS.md in those directorie │
│ s or parent directories                                                      │
│ 3. **Add valuable learnings** - If you discovered something future developer │
│ s/agents should know:                                                        │
│    - API patterns or conventions specific to that module                     │
│    - Gotchas or non-obvious requirements                                     │
│    - Dependencies between files                                              │
│    - Testing approaches for that area                                        │
│    - Configuration or environment requirements                               │
│                                                                              │
│ **Examples of good AGENTS.md additions:**                                    │
│ - "When modifying X, also update Y to keep them in sync"                     │
│ - "This module uses pattern Z for all API calls"                             │
│ - "Tests require the dev server running on PORT 3000"                        │
│ - "Field names must match the template exactly"                              │
│                                                                              │
│ **Do NOT add:**                                                              │
│ - Story-specific implementation details                                      │
│ - Temporary debugging notes                                                  │
│ - Information already in progress.txt                                        │
│                                                                              │
│ Only update AGENTS.md if you have **genuinely reusable knowledge** that woul │
│ d help future work in that directory.                                        │
│                                                                              │
│ ## Quality Requirements                                                      │
│                                                                              │
│ - ALL commits must pass your project's quality checks (typecheck, lint, test │
│ )                                                                            │
│ - Do NOT commit broken code                                                  │
│ - Keep changes focused and minimal                                           │
│ - Follow existing code patterns                                              │
│                                                                              │
│ ## Browser Testing (Required for Frontend Stories)                           │
│                                                                              │
│ For any story that changes UI, you MUST verify it works in the browser:      │
│                                                                              │
│ 1. Load the `dev-browser` skill                                              │
│ 2. Navigate to the relevant page                                             │
│ 3. Verify the UI changes work as expected                                    │
│ 4. Take a screenshot if helpful for the progress log                         │
│                                                                              │
│ A frontend story is NOT complete until browser verification passes.          │
│                                                                              │
│ ## Stop Condition                                                            │
│                                                                              │
│ After completing a user story, check if ALL stories have `passes: true`.     │
│                                                                              │
│ If ALL stories are complete and passing, reply with:                         │
│ <promise>COMPLETE</promise>                                                  │
│                                                                              │
│ If there are still stories with `passes: false`, end your response normally  │
│ (another iteration will pick up the next story).                             │
│                                                                              │
│ ## Important                                                                 │
│                                                                              │
│ - Work on ONE story per iteration                                            │
│ - Commit frequently                                                          │
│ - Keep CI green                                                              │
│ - Read the Codebase Patterns section in progress.txt before starting         │
╰──────────────────────────────────────────────────────────────────────────────╯
• Let me start by reading the PRD file and progress log to understand what needs
  to be done.
• Used ReadFile (prd.json)
• Used ReadFile (progress.txt)
• Let me check the current branch and understand the state of the project. I nee
  d to work on US-006 (highest priority false story).

  Looking at the PRD:

  • US-001 to US-005 are done (passes: true)
  • US-006 is the highest priority with passes: false

  US-006: Add GET /api/bots/[id] endpoint

  • Create src/routes/api/bots/[id]/+server.ts
  • Add GET handler that extracts id from params
  • Use getBot(botId) from bot-service
  • Return 404 if bot not found in Redis
  • Return bot object with all fields
  • Typecheck passes

  Let me check the current state of the repository and the existing files.
• Let me check the current branch and the existing bot-service module to underst
  and the patterns:
• Used Shell (cd /root/code/minion && git branch --show-current)
• Used ReadFile (src/lib/server/bot-service.ts)
• Used ReadFile (src/routes/api/bots/+server.ts)
• I have a clear understanding of the task. I need to implement the GET /api/bot
  s/[id] endpoint (US-006) to retrieve the details of a specific bot.

  Wait, I should check the existing service layer first. I know bot-service.ts a
  lready exports a getBot function, which is perfect for this. However, I need t
  o make sure the route parameter [id] is correctly handled within the SvelteKit
  framework to ensure the bot ID is properly extracted from the URL.

  Actually, I also need to ensure the directory structure is correct. If I'm goi
  ng to create the route-specific server file, I need the src/routes/api/bots/[i
  d]/ directory to exist. I'll create the directory structure and then build the
  +server.ts file, leveraging the existing getBot logic and returning a 404 if t
  he bot isn't found. This implementation should satisfy all the requirements fo
  r US-006.

  Let me create the GET /api/bots/[id] endpoint:
• Let me create the GET /api/bots/[id] endpoint:
• Used Shell (mkdir -p /root/code/minio...rc/routes/api/bots/\[id\])
• Now let me create the server file for the endpoint.
• Used WriteFile (src/routes/api/bots/[id]/+server.ts)
• Now let me run the typecheck to ensure the code is correct.
• Now let me run the typecheck:
• Used Shell (cd /root/code/minion && npm run check 2>&1)
• The typecheck passes with 0 errors (the warnings are pre-existing and not rela
  ted to my changes). Now let me commit the changes and update the progress file
  s.
• Typecheck passes. Now let me commit the changes:
